This file contains any messages produced by compilers while
running configure, to aid debugging if configure makes a mistake.

It was created by configure, which was
generated by GNU Autoconf 2.53.  Invocation command line was

  $ ./configure --prefix=/usr/local --prefix=/usr/local CC=cc --cache-file=/dev/null --srcdir=. --cache-file=/dev/null --srcdir=.

## --------- ##
## Platform. ##
## --------- ##

hostname = titan.clarkvision.com
uname -m = x86_64
uname -r = 2.6.32-24-generic
uname -s = Linux
uname -v = #38-Ubuntu SMP Mon Jul 5 09:20:59 UTC 2010

/usr/bin/uname -p = unknown
/bin/uname -X     = unknown

/bin/arch              = unknown
/usr/bin/arch -k       = unknown
/usr/convex/getsysinfo = unknown
hostinfo               = unknown
/bin/machine           = unknown
/usr/bin/oslevel       = unknown
/bin/universe          = unknown

PATH: /home/rclark/bin
PATH: /usr/local/sbin
PATH: /usr/local/bin
PATH: /usr/sbin
PATH: /usr/bin
PATH: /sbin
PATH: /bin
PATH: /usr/games


## ----------- ##
## Core tests. ##
## ----------- ##

configure:1235: checking for gcc
configure:1261: result: cc
configure:1505: checking for C compiler version
configure:1508: cc --version </dev/null >&5
cc (Ubuntu 4.4.3-4ubuntu5) 4.4.3
Copyright (C) 2009 Free Software Foundation, Inc.
This is free software; see the source for copying conditions.  There is NO
warranty; not even for MERCHANTABILITY or FITNESS FOR A PARTICULAR PURPOSE.

configure:1511: $? = 0
configure:1513: cc -v </dev/null >&5
Using built-in specs.
Target: x86_64-linux-gnu
Configured with: ../src/configure -v --with-pkgversion='Ubuntu 4.4.3-4ubuntu5' --with-bugurl=file:///usr/share/doc/gcc-4.4/README.Bugs --enable-languages=c,c++,fortran,objc,obj-c++ --prefix=/usr --enable-shared --enable-multiarch --enable-linker-build-id --with-system-zlib --libexecdir=/usr/lib --without-included-gettext --enable-threads=posix --with-gxx-include-dir=/usr/include/c++/4.4 --program-suffix=-4.4 --enable-nls --enable-clocale=gnu --enable-libstdcxx-debug --enable-plugin --enable-objc-gc --disable-werror --with-arch-32=i486 --with-tune=generic --enable-checking=release --build=x86_64-linux-gnu --host=x86_64-linux-gnu --target=x86_64-linux-gnu
Thread model: posix
gcc version 4.4.3 (Ubuntu 4.4.3-4ubuntu5) 
configure:1516: $? = 0
configure:1518: cc -V </dev/null >&5
cc: '-V' option must have argument
configure:1521: $? = 1
configure:1547: checking for C compiler default output
configure:1550: cc    conftest.c  >&5
configure:1553: $? = 0
configure:1586: result: a.out
configure:1591: checking whether the C compiler works
configure:1597: ./a.out
configure:1600: $? = 0
configure:1615: result: yes
configure:1622: checking whether we are cross compiling
configure:1624: result: no
configure:1627: checking for suffix of executables
configure:1629: cc -o conftest    conftest.c  >&5
configure:1632: $? = 0
configure:1654: result: 
configure:1660: checking for suffix of object files
configure:1684: cc -c   conftest.c >&5
configure:1687: $? = 0
configure:1706: result: o
configure:1710: checking whether we are using the GNU C compiler
configure:1737: cc -c   conftest.c >&5
configure:1740: $? = 0
configure:1743: test -s conftest.o
configure:1746: $? = 0
configure:1758: result: yes
configure:1764: checking whether cc accepts -g
configure:1788: cc -c -g  conftest.c >&5
configure:1791: $? = 0
configure:1794: test -s conftest.o
configure:1797: $? = 0
configure:1807: result: yes
configure:1834: cc -c -g -O2  conftest.c >&5
conftest.c:2: error: expected '=', ',', ';', 'asm' or '__attribute__' before 'me'
configure:1837: $? = 1
configure: failed program was:
#ifndef __cplusplus
  choke me
#endif
configure:1988: checking for ranlib
configure:2015: result: ranlib
configure:2034: checking how to run the C preprocessor
configure:2060: cc -E  conftest.c
configure:2066: $? = 0
configure:2093: cc -E  conftest.c
configure:2089:28: error: ac_nonexistent.h: No such file or directory
configure:2099: $? = 1
configure: failed program was:
#line 2088 "configure"
#include "confdefs.h"
#include <ac_nonexistent.h>
configure:2136: result: cc -E
configure:2151: cc -E  conftest.c
configure:2157: $? = 0
configure:2184: cc -E  conftest.c
configure:2180:28: error: ac_nonexistent.h: No such file or directory
configure:2190: $? = 1
configure: failed program was:
#line 2179 "configure"
#include "confdefs.h"
#include <ac_nonexistent.h>
configure:2231: checking for AIX
configure:2250: result: no
configure:2257: checking for X
configure:2359: cc -E  conftest.c
configure:2365: $? = 0
configure:2416: cc -o conftest -g -O2   conftest.c -lXt  >&5
configure:2419: $? = 0
configure:2422: test -s conftest
configure:2425: $? = 0
configure:2473: result: libraries , headers 
configure:2477: checking for ANSI C header files
configure:2491: cc -E  conftest.c
configure:2497: $? = 0
configure:2584: cc -o conftest -g -O2   conftest.c  >&5
configure: In function 'main':
configure:2575: warning: incompatible implicit declaration of built-in function 'exit'
configure:2587: $? = 0
configure:2589: ./conftest
configure:2592: $? = 0
configure:2606: result: yes
configure:2630: checking for sys/types.h
configure:2643: cc -c -g -O2  conftest.c >&5
configure:2646: $? = 0
configure:2649: test -s conftest.o
configure:2652: $? = 0
configure:2662: result: yes
configure:2630: checking for sys/stat.h
configure:2643: cc -c -g -O2  conftest.c >&5
configure:2646: $? = 0
configure:2649: test -s conftest.o
configure:2652: $? = 0
configure:2662: result: yes
configure:2630: checking for stdlib.h
configure:2643: cc -c -g -O2  conftest.c >&5
configure:2646: $? = 0
configure:2649: test -s conftest.o
configure:2652: $? = 0
configure:2662: result: yes
configure:2630: checking for string.h
configure:2643: cc -c -g -O2  conftest.c >&5
configure:2646: $? = 0
configure:2649: test -s conftest.o
configure:2652: $? = 0
configure:2662: result: yes
configure:2630: checking for memory.h
configure:2643: cc -c -g -O2  conftest.c >&5
configure:2646: $? = 0
configure:2649: test -s conftest.o
configure:2652: $? = 0
configure:2662: result: yes
configure:2630: checking for strings.h
configure:2643: cc -c -g -O2  conftest.c >&5
configure:2646: $? = 0
configure:2649: test -s conftest.o
configure:2652: $? = 0
configure:2662: result: yes
configure:2630: checking for inttypes.h
configure:2643: cc -c -g -O2  conftest.c >&5
configure:2646: $? = 0
configure:2649: test -s conftest.o
configure:2652: $? = 0
configure:2662: result: yes
configure:2630: checking for stdint.h
configure:2643: cc -c -g -O2  conftest.c >&5
configure:2646: $? = 0
configure:2649: test -s conftest.o
configure:2652: $? = 0
configure:2662: result: yes
configure:2630: checking for unistd.h
configure:2643: cc -c -g -O2  conftest.c >&5
configure:2646: $? = 0
configure:2649: test -s conftest.o
configure:2652: $? = 0
configure:2662: result: yes
configure:2688: checking fcntl.h usability
configure:2697: cc -c -g -O2  conftest.c >&5
configure:2700: $? = 0
configure:2703: test -s conftest.o
configure:2706: $? = 0
configure:2715: result: yes
configure:2719: checking fcntl.h presence
configure:2726: cc -E  conftest.c
configure:2732: $? = 0
configure:2750: result: yes
configure:2768: checking for fcntl.h
configure:2775: result: yes
configure:2789: checking for cc option to accept ANSI C
configure:2852: cc  -c -g -O2  conftest.c >&5
configure:2855: $? = 0
configure:2858: test -s conftest.o
configure:2861: $? = 0
configure:2878: result: none needed
configure:2886: checking for an ANSI C-conforming const
configure:2956: cc -c -g -O2  conftest.c >&5
configure:2959: $? = 0
configure:2962: test -s conftest.o
configure:2965: $? = 0
configure:2975: result: yes
configure:2986: checking for working memcmp
configure:3037: cc -o conftest -g -O2   conftest.c  >&5
configure: In function 'main':
configure:3009: warning: incompatible implicit declaration of built-in function 'exit'
configure:3022: warning: incompatible implicit declaration of built-in function 'strcpy'
configure:3040: $? = 0
configure:3042: ./conftest
configure:3045: $? = 0
configure:3058: result: yes
configure:3062: checking whether setvbuf arguments are reversed
configure:3090: cc -o conftest -g -O2   conftest.c  >&5
configure: In function 'main':
configure:3081: warning: passing argument 2 of 'setvbuf' makes pointer from integer without a cast
/usr/include/stdio.h:313: note: expected 'char * __restrict__' but argument is of type 'int'
configure:3081: warning: passing argument 3 of 'setvbuf' makes integer from pointer without a cast
/usr/include/stdio.h:313: note: expected 'int' but argument is of type 'char *'
configure:3082: warning: incompatible implicit declaration of built-in function 'exit'
configure:3093: $? = 0
configure:3095: ./conftest
configure:3098: $? = 1
configure: program exited with status 1
configure: failed program was:
#line 3072 "configure"
#include "confdefs.h"
#include <stdio.h>
/* If setvbuf has the reversed format, exit 0. */
int
main ()
{
  /* This call has the arguments reversed.
     A reversed system may check and see that the address of main
     is not _IOLBF, _IONBF, or _IOFBF, and return nonzero.  */
  if (setvbuf(stdout, _IOLBF, (char *) main, BUFSIZ) != 0)
    exit(1);
  putc('\r', stdout);
  exit(0);			/* Non-reversed systems segv here.  */
}
configure:3112: result: no
configure:3126: checking for vprintf
configure:3169: cc -o conftest -g -O2   conftest.c  >&5
configure:3141: warning: conflicting types for built-in function 'vprintf'
configure:3172: $? = 0
configure:3175: test -s conftest
configure:3178: $? = 0
configure:3188: result: yes
configure:3195: checking for _doprnt
configure:3238: cc -o conftest -g -O2   conftest.c  >&5
/tmp/ccPU7DJ1.o: In function `main':
/src/local/pw64/20100506-64bit/iomedley/libgif/configure:3228: undefined reference to `_doprnt'
collect2: ld returned 1 exit status
configure:3241: $? = 1
configure: failed program was:
#line 3200 "configure"
#include "confdefs.h"
/* System header to define __stub macros and hopefully few prototypes,
    which can conflict with char _doprnt (); below.  */
#include <assert.h>
/* Override any gcc2 internal prototype to avoid an error.  */
#ifdef __cplusplus
extern "C"
#endif
/* We use char because int might match the return type of a gcc2
   builtin and then its argument prototype would still apply.  */
char _doprnt ();
char (*f) ();

#ifdef F77_DUMMY_MAIN
#  ifdef __cplusplus
     extern "C"
#  endif
   int F77_DUMMY_MAIN() { return 1; }
#endif
int
main ()
{
/* The GNU C library defines this for functions which it implements
    to always fail with ENOSYS.  Some functions are actually named
    something starting with __ and the normal name is an alias.  */
#if defined (__stub__doprnt) || defined (__stub____doprnt)
choke me
#else
f = _doprnt;
#endif

  ;
  return 0;
}
configure:3257: result: no
configure:3387: creating ./config.status

## ---------------------- ##
## Running config.status. ##
## ---------------------- ##

This file was extended by config.status, which was
generated by GNU Autoconf 2.53.  Invocation command line was

  CONFIG_FILES    = 
  CONFIG_HEADERS  = 
  CONFIG_LINKS    = 
  CONFIG_COMMANDS = 
  $ ./config.status 

on titan.clarkvision.com

config.status:553: creating Makefile

## ---------------- ##
## Cache variables. ##
## ---------------- ##

ac_cv_c_compiler_gnu=yes
ac_cv_c_const=yes
ac_cv_env_CC_set=set
ac_cv_env_CC_value=cc
ac_cv_env_CFLAGS_set=
ac_cv_env_CFLAGS_value=
ac_cv_env_CPPFLAGS_set=
ac_cv_env_CPPFLAGS_value=
ac_cv_env_CPP_set=
ac_cv_env_CPP_value=
ac_cv_env_LDFLAGS_set=
ac_cv_env_LDFLAGS_value=
ac_cv_env_build_alias_set=
ac_cv_env_build_alias_value=
ac_cv_env_host_alias_set=
ac_cv_env_host_alias_value=
ac_cv_env_target_alias_set=
ac_cv_env_target_alias_value=
ac_cv_exeext=
ac_cv_func__doprnt=no
ac_cv_func_memcmp_working=yes
ac_cv_func_setvbuf_reversed=no
ac_cv_func_vprintf=yes
ac_cv_have_x='have_x=yes 		ac_x_includes= ac_x_libraries='
ac_cv_header_fcntl_h=yes
ac_cv_header_inttypes_h=yes
ac_cv_header_memory_h=yes
ac_cv_header_stdc=yes
ac_cv_header_stdint_h=yes
ac_cv_header_stdlib_h=yes
ac_cv_header_string_h=yes
ac_cv_header_strings_h=yes
ac_cv_header_sys_stat_h=yes
ac_cv_header_sys_types_h=yes
ac_cv_header_unistd_h=yes
ac_cv_objext=o
ac_cv_prog_CPP='cc -E'
ac_cv_prog_ac_ct_CC=cc
ac_cv_prog_ac_ct_RANLIB=ranlib
ac_cv_prog_cc_g=yes
ac_cv_prog_cc_stdc=

## ----------- ##
## confdefs.h. ##
## ----------- ##

#define PACKAGE_NAME ""
#define PACKAGE_TARNAME ""
#define PACKAGE_VERSION ""
#define PACKAGE_STRING ""
#define PACKAGE_BUGREPORT ""
#define STDC_HEADERS 1
#define HAVE_SYS_TYPES_H 1
#define HAVE_SYS_STAT_H 1
#define HAVE_STDLIB_H 1
#define HAVE_STRING_H 1
#define HAVE_MEMORY_H 1
#define HAVE_STRINGS_H 1
#define HAVE_INTTYPES_H 1
#define HAVE_STDINT_H 1
#define HAVE_UNISTD_H 1
#define HAVE_FCNTL_H 1
#define HAVE_VPRINTF 1

configure: exit 0
