This file contains any messages produced by compilers while
running configure, to aid debugging if configure makes a mistake.

It was created by configure, which was
generated by GNU Autoconf 2.53.  Invocation command line was

  $ ./configure --prefix=/usr/local --prefix=/usr/local CC=cc --cache-file=/dev/null --srcdir=. --cache-file=/dev/null --srcdir=.

## --------- ##
## Platform. ##
## --------- ##

hostname = titan.clarkvision.com
uname -m = x86_64
uname -r = 2.6.32-24-generic
uname -s = Linux
uname -v = #38-Ubuntu SMP Mon Jul 5 09:20:59 UTC 2010

/usr/bin/uname -p = unknown
/bin/uname -X     = unknown

/bin/arch              = unknown
/usr/bin/arch -k       = unknown
/usr/convex/getsysinfo = unknown
hostinfo               = unknown
/bin/machine           = unknown
/usr/bin/oslevel       = unknown
/bin/universe          = unknown

PATH: /home/rclark/bin
PATH: /usr/local/sbin
PATH: /usr/local/bin
PATH: /usr/sbin
PATH: /usr/bin
PATH: /sbin
PATH: /bin
PATH: /usr/games


## ----------- ##
## Core tests. ##
## ----------- ##

configure:1226: checking for gcc
configure:1252: result: cc
configure:1496: checking for C compiler version
configure:1499: cc --version </dev/null >&5
cc (Ubuntu 4.4.3-4ubuntu5) 4.4.3
Copyright (C) 2009 Free Software Foundation, Inc.
This is free software; see the source for copying conditions.  There is NO
warranty; not even for MERCHANTABILITY or FITNESS FOR A PARTICULAR PURPOSE.

configure:1502: $? = 0
configure:1504: cc -v </dev/null >&5
Using built-in specs.
Target: x86_64-linux-gnu
Configured with: ../src/configure -v --with-pkgversion='Ubuntu 4.4.3-4ubuntu5' --with-bugurl=file:///usr/share/doc/gcc-4.4/README.Bugs --enable-languages=c,c++,fortran,objc,obj-c++ --prefix=/usr --enable-shared --enable-multiarch --enable-linker-build-id --with-system-zlib --libexecdir=/usr/lib --without-included-gettext --enable-threads=posix --with-gxx-include-dir=/usr/include/c++/4.4 --program-suffix=-4.4 --enable-nls --enable-clocale=gnu --enable-libstdcxx-debug --enable-plugin --enable-objc-gc --disable-werror --with-arch-32=i486 --with-tune=generic --enable-checking=release --build=x86_64-linux-gnu --host=x86_64-linux-gnu --target=x86_64-linux-gnu
Thread model: posix
gcc version 4.4.3 (Ubuntu 4.4.3-4ubuntu5) 
configure:1507: $? = 0
configure:1509: cc -V </dev/null >&5
cc: '-V' option must have argument
configure:1512: $? = 1
configure:1538: checking for C compiler default output
configure:1541: cc    conftest.c  >&5
configure:1544: $? = 0
configure:1577: result: a.out
configure:1582: checking whether the C compiler works
configure:1588: ./a.out
configure:1591: $? = 0
configure:1606: result: yes
configure:1613: checking whether we are cross compiling
configure:1615: result: no
configure:1618: checking for suffix of executables
configure:1620: cc -o conftest    conftest.c  >&5
configure:1623: $? = 0
configure:1645: result: 
configure:1651: checking for suffix of object files
configure:1675: cc -c   conftest.c >&5
configure:1678: $? = 0
configure:1697: result: o
configure:1701: checking whether we are using the GNU C compiler
configure:1728: cc -c   conftest.c >&5
configure:1731: $? = 0
configure:1734: test -s conftest.o
configure:1737: $? = 0
configure:1749: result: yes
configure:1755: checking whether cc accepts -g
configure:1779: cc -c -g  conftest.c >&5
configure:1782: $? = 0
configure:1785: test -s conftest.o
configure:1788: $? = 0
configure:1798: result: yes
configure:1825: cc -c -g -O2  conftest.c >&5
conftest.c:2: error: expected '=', ',', ';', 'asm' or '__attribute__' before 'me'
configure:1828: $? = 1
configure: failed program was:
#ifndef __cplusplus
  choke me
#endif
configure:1938: checking whether ln -s works
configure:1942: result: yes
configure:1990: checking for ranlib
configure:2017: result: ranlib
configure:2032: checking for log in -lm
configure:2065: cc -o conftest -g -O2   conftest.c -lm   >&5
configure:2047: warning: conflicting types for built-in function 'log'
configure:2068: $? = 0
configure:2071: test -s conftest
configure:2074: $? = 0
configure:2085: result: yes
configure:2097: checking for compress in -lz
configure:2130: cc -o conftest -g -O2   conftest.c -lz  -lm  >&5
configure:2133: $? = 0
configure:2136: test -s conftest
configure:2139: $? = 0
configure:2150: result: yes
configure:2167: checking how to run the C preprocessor
configure:2193: cc -E  conftest.c
configure:2199: $? = 0
configure:2226: cc -E  conftest.c
configure:2222:28: error: ac_nonexistent.h: No such file or directory
configure:2232: $? = 1
configure: failed program was:
#line 2221 "configure"
#include "confdefs.h"
#include <ac_nonexistent.h>
configure:2269: result: cc -E
configure:2284: cc -E  conftest.c
configure:2290: $? = 0
configure:2317: cc -E  conftest.c
configure:2313:28: error: ac_nonexistent.h: No such file or directory
configure:2323: $? = 1
configure: failed program was:
#line 2312 "configure"
#include "confdefs.h"
#include <ac_nonexistent.h>
configure:2363: checking for ANSI C header files
configure:2377: cc -E  conftest.c
configure:2383: $? = 0
configure:2470: cc -o conftest -g -O2   conftest.c -lz -lm  >&5
configure: In function 'main':
configure:2461: warning: incompatible implicit declaration of built-in function 'exit'
configure:2473: $? = 0
configure:2475: ./conftest
configure:2478: $? = 0
configure:2492: result: yes
configure:2516: checking for sys/types.h
configure:2529: cc -c -g -O2  conftest.c >&5
configure:2532: $? = 0
configure:2535: test -s conftest.o
configure:2538: $? = 0
configure:2548: result: yes
configure:2516: checking for sys/stat.h
configure:2529: cc -c -g -O2  conftest.c >&5
configure:2532: $? = 0
configure:2535: test -s conftest.o
configure:2538: $? = 0
configure:2548: result: yes
configure:2516: checking for stdlib.h
configure:2529: cc -c -g -O2  conftest.c >&5
configure:2532: $? = 0
configure:2535: test -s conftest.o
configure:2538: $? = 0
configure:2548: result: yes
configure:2516: checking for string.h
configure:2529: cc -c -g -O2  conftest.c >&5
configure:2532: $? = 0
configure:2535: test -s conftest.o
configure:2538: $? = 0
configure:2548: result: yes
configure:2516: checking for memory.h
configure:2529: cc -c -g -O2  conftest.c >&5
configure:2532: $? = 0
configure:2535: test -s conftest.o
configure:2538: $? = 0
configure:2548: result: yes
configure:2516: checking for strings.h
configure:2529: cc -c -g -O2  conftest.c >&5
configure:2532: $? = 0
configure:2535: test -s conftest.o
configure:2538: $? = 0
configure:2548: result: yes
configure:2516: checking for inttypes.h
configure:2529: cc -c -g -O2  conftest.c >&5
configure:2532: $? = 0
configure:2535: test -s conftest.o
configure:2538: $? = 0
configure:2548: result: yes
configure:2516: checking for stdint.h
configure:2529: cc -c -g -O2  conftest.c >&5
configure:2532: $? = 0
configure:2535: test -s conftest.o
configure:2538: $? = 0
configure:2548: result: yes
configure:2516: checking for unistd.h
configure:2529: cc -c -g -O2  conftest.c >&5
configure:2532: $? = 0
configure:2535: test -s conftest.o
configure:2538: $? = 0
configure:2548: result: yes
configure:2575: checking malloc.h usability
configure:2584: cc -c -g -O2  conftest.c >&5
configure:2587: $? = 0
configure:2590: test -s conftest.o
configure:2593: $? = 0
configure:2602: result: yes
configure:2606: checking malloc.h presence
configure:2613: cc -E  conftest.c
configure:2619: $? = 0
configure:2637: result: yes
configure:2655: checking for malloc.h
configure:2662: result: yes
configure:2566: checking for strings.h
configure:2571: result: yes
configure:2676: checking for cc option to accept ANSI C
configure:2739: cc  -c -g -O2  conftest.c >&5
configure:2742: $? = 0
configure:2745: test -s conftest.o
configure:2748: $? = 0
configure:2765: result: none needed
configure:2773: checking for an ANSI C-conforming const
configure:2843: cc -c -g -O2  conftest.c >&5
configure:2846: $? = 0
configure:2849: test -s conftest.o
configure:2852: $? = 0
configure:2862: result: yes
configure:2872: checking for size_t
configure:2899: cc -c -g -O2  conftest.c >&5
configure:2902: $? = 0
configure:2905: test -s conftest.o
configure:2908: $? = 0
configure:2918: result: yes
configure:2930: checking whether struct tm is in sys/time.h or time.h
configure:2956: cc -c -g -O2  conftest.c >&5
configure:2959: $? = 0
configure:2962: test -s conftest.o
configure:2965: $? = 0
configure:2975: result: time.h
configure:2990: checking for strtod
configure:3033: cc -o conftest -g -O2   conftest.c -lz -lm  >&5
configure:3036: $? = 0
configure:3039: test -s conftest
configure:3042: $? = 0
configure:3052: result: yes
configure:3175: creating ./config.status

## ---------------------- ##
## Running config.status. ##
## ---------------------- ##

This file was extended by config.status, which was
generated by GNU Autoconf 2.53.  Invocation command line was

  CONFIG_FILES    = 
  CONFIG_HEADERS  = 
  CONFIG_LINKS    = 
  CONFIG_COMMANDS = 
  $ ./config.status 

on titan.clarkvision.com

config.status:553: creating Makefile

## ---------------- ##
## Cache variables. ##
## ---------------- ##

ac_cv_c_compiler_gnu=yes
ac_cv_c_const=yes
ac_cv_env_CC_set=set
ac_cv_env_CC_value=cc
ac_cv_env_CFLAGS_set=
ac_cv_env_CFLAGS_value=
ac_cv_env_CPPFLAGS_set=
ac_cv_env_CPPFLAGS_value=
ac_cv_env_CPP_set=
ac_cv_env_CPP_value=
ac_cv_env_LDFLAGS_set=
ac_cv_env_LDFLAGS_value=
ac_cv_env_build_alias_set=
ac_cv_env_build_alias_value=
ac_cv_env_host_alias_set=
ac_cv_env_host_alias_value=
ac_cv_env_target_alias_set=
ac_cv_env_target_alias_value=
ac_cv_exeext=
ac_cv_func_strtod=yes
ac_cv_header_inttypes_h=yes
ac_cv_header_malloc_h=yes
ac_cv_header_memory_h=yes
ac_cv_header_stdc=yes
ac_cv_header_stdint_h=yes
ac_cv_header_stdlib_h=yes
ac_cv_header_string_h=yes
ac_cv_header_strings_h=yes
ac_cv_header_sys_stat_h=yes
ac_cv_header_sys_types_h=yes
ac_cv_header_unistd_h=yes
ac_cv_lib_m_log=yes
ac_cv_lib_z_compress=yes
ac_cv_objext=o
ac_cv_prog_CPP='cc -E'
ac_cv_prog_ac_ct_CC=cc
ac_cv_prog_ac_ct_RANLIB=ranlib
ac_cv_prog_cc_g=yes
ac_cv_prog_cc_stdc=
ac_cv_struct_tm=time.h
ac_cv_type_size_t=yes

## ----------- ##
## confdefs.h. ##
## ----------- ##

#define PACKAGE_NAME ""
#define PACKAGE_TARNAME ""
#define PACKAGE_VERSION ""
#define PACKAGE_STRING ""
#define PACKAGE_BUGREPORT ""
#define HAVE_LIBM 1
#define HAVE_LIBZ 1
#define STDC_HEADERS 1
#define HAVE_SYS_TYPES_H 1
#define HAVE_SYS_STAT_H 1
#define HAVE_STDLIB_H 1
#define HAVE_STRING_H 1
#define HAVE_MEMORY_H 1
#define HAVE_STRINGS_H 1
#define HAVE_INTTYPES_H 1
#define HAVE_STDINT_H 1
#define HAVE_UNISTD_H 1
#define HAVE_MALLOC_H 1
#define HAVE_STRINGS_H 1
#define HAVE_STRTOD 1

configure: exit 0
