This file contains any messages produced by compilers while
running configure, to aid debugging if configure makes a mistake.

It was created by configure, which was
generated by GNU Autoconf 2.59.  Invocation command line was

  $ ./configure --prefix=/usr/local CC=cc --cache-file=/dev/null --srcdir=.

## --------- ##
## Platform. ##
## --------- ##

hostname = titan.clarkvision.com
uname -m = x86_64
uname -r = 2.6.32-24-generic
uname -s = Linux
uname -v = #38-Ubuntu SMP Mon Jul 5 09:20:59 UTC 2010

/usr/bin/uname -p = unknown
/bin/uname -X     = unknown

/bin/arch              = unknown
/usr/bin/arch -k       = unknown
/usr/convex/getsysinfo = unknown
hostinfo               = unknown
/bin/machine           = unknown
/usr/bin/oslevel       = unknown
/bin/universe          = unknown

PATH: /home/rclark/bin
PATH: /usr/local/sbin
PATH: /usr/local/bin
PATH: /usr/sbin
PATH: /usr/bin
PATH: /sbin
PATH: /bin
PATH: /usr/games


## ----------- ##
## Core tests. ##
## ----------- ##

configure:1328: checking build system type
configure:1346: result: x86_64-unknown-linux-gnu
configure:1354: checking host system type
configure:1368: result: x86_64-unknown-linux-gnu
configure:1376: checking target system type
configure:1390: result: x86_64-unknown-linux-gnu
configure:1452: checking for gcc
configure:1478: result: cc
configure:1722: checking for C compiler version
configure:1725: cc --version </dev/null >&5
cc (Ubuntu 4.4.3-4ubuntu5) 4.4.3
Copyright (C) 2009 Free Software Foundation, Inc.
This is free software; see the source for copying conditions.  There is NO
warranty; not even for MERCHANTABILITY or FITNESS FOR A PARTICULAR PURPOSE.

configure:1728: $? = 0
configure:1730: cc -v </dev/null >&5
Using built-in specs.
Target: x86_64-linux-gnu
Configured with: ../src/configure -v --with-pkgversion='Ubuntu 4.4.3-4ubuntu5' --with-bugurl=file:///usr/share/doc/gcc-4.4/README.Bugs --enable-languages=c,c++,fortran,objc,obj-c++ --prefix=/usr --enable-shared --enable-multiarch --enable-linker-build-id --with-system-zlib --libexecdir=/usr/lib --without-included-gettext --enable-threads=posix --with-gxx-include-dir=/usr/include/c++/4.4 --program-suffix=-4.4 --enable-nls --enable-clocale=gnu --enable-libstdcxx-debug --enable-plugin --enable-objc-gc --disable-werror --with-arch-32=i486 --with-tune=generic --enable-checking=release --build=x86_64-linux-gnu --host=x86_64-linux-gnu --target=x86_64-linux-gnu
Thread model: posix
gcc version 4.4.3 (Ubuntu 4.4.3-4ubuntu5) 
configure:1733: $? = 0
configure:1735: cc -V </dev/null >&5
cc: '-V' option must have argument
configure:1738: $? = 1
configure:1761: checking for C compiler default output file name
configure:1764: cc    conftest.c  >&5
configure:1767: $? = 0
configure:1813: result: a.out
configure:1818: checking whether the C compiler works
configure:1824: ./a.out
configure:1827: $? = 0
configure:1844: result: yes
configure:1851: checking whether we are cross compiling
configure:1853: result: no
configure:1856: checking for suffix of executables
configure:1858: cc -o conftest    conftest.c  >&5
configure:1861: $? = 0
configure:1886: result: 
configure:1892: checking for suffix of object files
configure:1913: cc -c   conftest.c >&5
configure:1916: $? = 0
configure:1938: result: o
configure:1942: checking whether we are using the GNU C compiler
configure:1966: cc -c   conftest.c >&5
configure:1972: $? = 0
configure:1976: test -z 
			 || test ! -s conftest.err
configure:1979: $? = 0
configure:1982: test -s conftest.o
configure:1985: $? = 0
configure:1998: result: yes
configure:2004: checking whether cc accepts -g
configure:2025: cc -c -g  conftest.c >&5
configure:2031: $? = 0
configure:2035: test -z 
			 || test ! -s conftest.err
configure:2038: $? = 0
configure:2041: test -s conftest.o
configure:2044: $? = 0
configure:2055: result: yes
configure:2072: checking for cc option to accept ANSI C
configure:2142: cc  -c -g -O2  conftest.c >&5
configure:2148: $? = 0
configure:2152: test -z 
			 || test ! -s conftest.err
configure:2155: $? = 0
configure:2158: test -s conftest.o
configure:2161: $? = 0
configure:2179: result: none needed
configure:2197: cc -c -g -O2  conftest.c >&5
conftest.c:2: error: expected '=', ',', ';', 'asm' or '__attribute__' before 'me'
configure:2203: $? = 1
configure: failed program was:
| #ifndef __cplusplus
|   choke me
| #endif
configure:2340: checking for gawk
configure:2356: found /usr/bin/gawk
configure:2366: result: gawk
configure:2389: checking for a BSD-compatible install
configure:2444: result: /usr/bin/install -c
configure:2460: checking how to run the C preprocessor
configure:2495: cc -E  conftest.c
configure:2501: $? = 0
configure:2533: cc -E  conftest.c
conftest.c:9:28: error: ac_nonexistent.h: No such file or directory
configure:2539: $? = 1
configure: failed program was:
| /* confdefs.h.  */
| 
| #define PACKAGE_NAME ""
| #define PACKAGE_TARNAME ""
| #define PACKAGE_VERSION ""
| #define PACKAGE_STRING ""
| #define PACKAGE_BUGREPORT ""
| /* end confdefs.h.  */
| #include <ac_nonexistent.h>
configure:2578: result: cc -E
configure:2602: cc -E  conftest.c
configure:2608: $? = 0
configure:2640: cc -E  conftest.c
conftest.c:9:28: error: ac_nonexistent.h: No such file or directory
configure:2646: $? = 1
configure: failed program was:
| /* confdefs.h.  */
| 
| #define PACKAGE_NAME ""
| #define PACKAGE_TARNAME ""
| #define PACKAGE_VERSION ""
| #define PACKAGE_STRING ""
| #define PACKAGE_BUGREPORT ""
| /* end confdefs.h.  */
| #include <ac_nonexistent.h>
configure:2689: checking whether make sets $(MAKE)
configure:2709: result: yes
configure:2759: checking for ranlib
configure:2786: result: ranlib
configure:2802: checking for egrep
configure:2812: result: grep -E
configure:2818: checking for AIX
configure:2840: result: no
configure:2847: checking for an ANSI C-conforming const
configure:2914: cc -c -g -O2  conftest.c >&5
configure:2920: $? = 0
configure:2924: test -z 
			 || test ! -s conftest.err
configure:2927: $? = 0
configure:2930: test -s conftest.o
configure:2933: $? = 0
configure:2944: result: yes
configure:2954: checking for ANSI C header files
configure:2979: cc -c -g -O2  conftest.c >&5
configure:2985: $? = 0
configure:2989: test -z 
			 || test ! -s conftest.err
configure:2992: $? = 0
configure:2995: test -s conftest.o
configure:2998: $? = 0
configure:3087: cc -o conftest -g -O2   conftest.c  >&5
conftest.c: In function 'main':
conftest.c:26: warning: incompatible implicit declaration of built-in function 'exit'
configure:3090: $? = 0
configure:3092: ./conftest
configure:3095: $? = 0
configure:3110: result: yes
configure:3134: checking for sys/types.h
configure:3150: cc -c -g -O2  conftest.c >&5
configure:3156: $? = 0
configure:3160: test -z 
			 || test ! -s conftest.err
configure:3163: $? = 0
configure:3166: test -s conftest.o
configure:3169: $? = 0
configure:3180: result: yes
configure:3134: checking for sys/stat.h
configure:3150: cc -c -g -O2  conftest.c >&5
configure:3156: $? = 0
configure:3160: test -z 
			 || test ! -s conftest.err
configure:3163: $? = 0
configure:3166: test -s conftest.o
configure:3169: $? = 0
configure:3180: result: yes
configure:3134: checking for stdlib.h
configure:3150: cc -c -g -O2  conftest.c >&5
configure:3156: $? = 0
configure:3160: test -z 
			 || test ! -s conftest.err
configure:3163: $? = 0
configure:3166: test -s conftest.o
configure:3169: $? = 0
configure:3180: result: yes
configure:3134: checking for string.h
configure:3150: cc -c -g -O2  conftest.c >&5
configure:3156: $? = 0
configure:3160: test -z 
			 || test ! -s conftest.err
configure:3163: $? = 0
configure:3166: test -s conftest.o
configure:3169: $? = 0
configure:3180: result: yes
configure:3134: checking for memory.h
configure:3150: cc -c -g -O2  conftest.c >&5
configure:3156: $? = 0
configure:3160: test -z 
			 || test ! -s conftest.err
configure:3163: $? = 0
configure:3166: test -s conftest.o
configure:3169: $? = 0
configure:3180: result: yes
configure:3134: checking for strings.h
configure:3150: cc -c -g -O2  conftest.c >&5
configure:3156: $? = 0
configure:3160: test -z 
			 || test ! -s conftest.err
configure:3163: $? = 0
configure:3166: test -s conftest.o
configure:3169: $? = 0
configure:3180: result: yes
configure:3134: checking for inttypes.h
configure:3150: cc -c -g -O2  conftest.c >&5
configure:3156: $? = 0
configure:3160: test -z 
			 || test ! -s conftest.err
configure:3163: $? = 0
configure:3166: test -s conftest.o
configure:3169: $? = 0
configure:3180: result: yes
configure:3134: checking for stdint.h
configure:3150: cc -c -g -O2  conftest.c >&5
configure:3156: $? = 0
configure:3160: test -z 
			 || test ! -s conftest.err
configure:3163: $? = 0
configure:3166: test -s conftest.o
configure:3169: $? = 0
configure:3180: result: yes
configure:3134: checking for unistd.h
configure:3150: cc -c -g -O2  conftest.c >&5
configure:3156: $? = 0
configure:3160: test -z 
			 || test ! -s conftest.err
configure:3163: $? = 0
configure:3166: test -s conftest.o
configure:3169: $? = 0
configure:3180: result: yes
configure:3192: checking for off_t
configure:3216: cc -c -g -O2  conftest.c >&5
configure:3222: $? = 0
configure:3226: test -z 
			 || test ! -s conftest.err
configure:3229: $? = 0
configure:3232: test -s conftest.o
configure:3235: $? = 0
configure:3246: result: yes
configure:3258: checking whether struct tm is in sys/time.h or time.h
configure:3281: cc -c -g -O2  conftest.c >&5
configure:3287: $? = 0
configure:3291: test -z 
			 || test ! -s conftest.err
configure:3294: $? = 0
configure:3297: test -s conftest.o
configure:3300: $? = 0
configure:3311: result: time.h
configure:3322: checking whether byte ordering is bigendian
configure:3349: cc -c -g -O2  conftest.c >&5
configure:3355: $? = 0
configure:3359: test -z 
			 || test ! -s conftest.err
configure:3362: $? = 0
configure:3365: test -s conftest.o
configure:3368: $? = 0
configure:3392: cc -c -g -O2  conftest.c >&5
conftest.c: In function 'main':
conftest.c:26: error: 'not' undeclared (first use in this function)
conftest.c:26: error: (Each undeclared identifier is reported only once
conftest.c:26: error: for each function it appears in.)
conftest.c:26: error: expected ';' before 'big'
configure:3398: $? = 1
configure: failed program was:
| /* confdefs.h.  */
| 
| #define PACKAGE_NAME ""
| #define PACKAGE_TARNAME ""
| #define PACKAGE_VERSION ""
| #define PACKAGE_STRING ""
| #define PACKAGE_BUGREPORT ""
| #define STDC_HEADERS 1
| #define HAVE_SYS_TYPES_H 1
| #define HAVE_SYS_STAT_H 1
| #define HAVE_STDLIB_H 1
| #define HAVE_STRING_H 1
| #define HAVE_MEMORY_H 1
| #define HAVE_STRINGS_H 1
| #define HAVE_INTTYPES_H 1
| #define HAVE_STDINT_H 1
| #define HAVE_UNISTD_H 1
| /* end confdefs.h.  */
| #include <sys/types.h>
| #include <sys/param.h>
| 
| int
| main ()
| {
| #if BYTE_ORDER != BIG_ENDIAN
|  not big endian
| #endif
| 
|   ;
|   return 0;
| }
configure:3533: result: no
configure:3564: checking for dirent.h that defines DIR
configure:3588: cc -c -g -O2  conftest.c >&5
configure:3594: $? = 0
configure:3598: test -z 
			 || test ! -s conftest.err
configure:3601: $? = 0
configure:3604: test -s conftest.o
configure:3607: $? = 0
configure:3618: result: yes
configure:3631: checking for library containing opendir
configure:3661: cc -o conftest -g -O2   conftest.c  >&5
configure:3667: $? = 0
configure:3671: test -z 
			 || test ! -s conftest.err
configure:3674: $? = 0
configure:3677: test -s conftest
configure:3680: $? = 0
configure:3750: result: none required
configure:3886: checking for ANSI C header files
configure:4042: result: yes
configure:4057: checking for unistd.h
configure:4062: result: yes
configure:4218: checking math.h usability
configure:4230: cc -c -g -O2  conftest.c >&5
configure:4236: $? = 0
configure:4240: test -z 
			 || test ! -s conftest.err
configure:4243: $? = 0
configure:4246: test -s conftest.o
configure:4249: $? = 0
configure:4259: result: yes
configure:4263: checking math.h presence
configure:4273: cc -E  conftest.c
configure:4279: $? = 0
configure:4299: result: yes
configure:4334: checking for math.h
configure:4341: result: yes
configure:4209: checking for string.h
configure:4214: result: yes
configure:4209: checking for strings.h
configure:4214: result: yes
configure:4356: checking for compress in -lz
configure:4386: cc -o conftest -g -O2   conftest.c -lz   >&5
configure:4392: $? = 0
configure:4396: test -z 
			 || test ! -s conftest.err
configure:4399: $? = 0
configure:4402: test -s conftest
configure:4405: $? = 0
configure:4418: result: yes
configure:4456: checking for stdlib.h
configure:4461: result: yes
configure:4456: checking for unistd.h
configure:4461: result: yes
configure:4605: checking for getpagesize
configure:4662: cc -o conftest -g -O2 -Ilibpng-1.2.3   -Llibpng-1.2.3 conftest.c  -lpng >&5
configure:4668: $? = 0
configure:4672: test -z 
			 || test ! -s conftest.err
configure:4675: $? = 0
configure:4678: test -s conftest
configure:4681: $? = 0
configure:4693: result: yes
configure:4703: checking for working mmap
configure:4845: cc -o conftest -g -O2 -Ilibpng-1.2.3   -Llibpng-1.2.3 conftest.c  -lpng >&5
configure:4848: $? = 0
configure:4850: ./conftest
configure:4853: $? = 0
configure:4867: result: yes
configure:4878: checking for working memcmp
configure:4926: cc -o conftest -g -O2 -Ilibpng-1.2.3   -Llibpng-1.2.3 conftest.c  -lpng >&5
configure:4929: $? = 0
configure:4931: ./conftest
configure:4934: $? = 0
configure:4948: result: yes
configure:4966: checking for strdup
configure:5023: cc -o conftest -g -O2 -Ilibpng-1.2.3   -Llibpng-1.2.3 conftest.c  -lpng >&5
conftest.c:55: warning: conflicting types for built-in function 'strdup'
configure:5029: $? = 0
configure:5033: test -z 
			 || test ! -s conftest.err
configure:5036: $? = 0
configure:5039: test -s conftest
configure:5042: $? = 0
configure:5054: result: yes
configure:4966: checking for strerror
configure:5023: cc -o conftest -g -O2 -Ilibpng-1.2.3   -Llibpng-1.2.3 conftest.c  -lpng >&5
configure:5029: $? = 0
configure:5033: test -z 
			 || test ! -s conftest.err
configure:5036: $? = 0
configure:5039: test -s conftest
configure:5042: $? = 0
configure:5054: result: yes
configure:4966: checking for strspn
configure:5023: cc -o conftest -g -O2 -Ilibpng-1.2.3   -Llibpng-1.2.3 conftest.c  -lpng >&5
conftest.c:57: warning: conflicting types for built-in function 'strspn'
configure:5029: $? = 0
configure:5033: test -z 
			 || test ! -s conftest.err
configure:5036: $? = 0
configure:5039: test -s conftest
configure:5042: $? = 0
configure:5054: result: yes
configure:4966: checking for strstr
configure:5023: cc -o conftest -g -O2 -Ilibpng-1.2.3   -Llibpng-1.2.3 conftest.c  -lpng >&5
conftest.c:58: warning: conflicting types for built-in function 'strstr'
configure:5029: $? = 0
configure:5033: test -z 
			 || test ! -s conftest.err
configure:5036: $? = 0
configure:5039: test -s conftest
configure:5042: $? = 0
configure:5054: result: yes
configure:5069: checking for strcasecmp
configure:5126: cc -o conftest -g -O2 -Ilibpng-1.2.3   -Llibpng-1.2.3 conftest.c  -lpng >&5
conftest.c:59: warning: conflicting types for built-in function 'strcasecmp'
configure:5132: $? = 0
configure:5136: test -z 
			 || test ! -s conftest.err
configure:5139: $? = 0
configure:5142: test -s conftest
configure:5145: $? = 0
configure:5157: result: yes
configure:5069: checking for strncasecmp
configure:5126: cc -o conftest -g -O2 -Ilibpng-1.2.3   -Llibpng-1.2.3 conftest.c  -lpng >&5
conftest.c:60: warning: conflicting types for built-in function 'strncasecmp'
configure:5132: $? = 0
configure:5136: test -z 
			 || test ! -s conftest.err
configure:5139: $? = 0
configure:5142: test -s conftest
configure:5145: $? = 0
configure:5157: result: yes
configure:5169: checking for working alloca.h
configure:5190: cc -o conftest -g -O2 -Ilibpng-1.2.3   -Llibpng-1.2.3 conftest.c  -lpng >&5
configure:5196: $? = 0
configure:5200: test -z 
			 || test ! -s conftest.err
configure:5203: $? = 0
configure:5206: test -s conftest
configure:5209: $? = 0
configure:5221: result: yes
configure:5231: checking for alloca
configure:5272: cc -o conftest -g -O2 -Ilibpng-1.2.3   -Llibpng-1.2.3 conftest.c  -lpng >&5
configure:5278: $? = 0
configure:5282: test -z 
			 || test ! -s conftest.err
configure:5285: $? = 0
configure:5288: test -s conftest
configure:5291: $? = 0
configure:5303: result: yes
configure:5640: creating ./config.status

## ---------------------- ##
## Running config.status. ##
## ---------------------- ##

This file was extended by config.status, which was
generated by GNU Autoconf 2.59.  Invocation command line was

  CONFIG_FILES    = 
  CONFIG_HEADERS  = 
  CONFIG_LINKS    = 
  CONFIG_COMMANDS = 
  $ ./config.status 

on titan.clarkvision.com

config.status:669: creating Makefile
config.status:773: creating iom_config.h
config.status:915: iom_config.h is unchanged
configure:6727: configuring in libjpeg
configure:6844: running /bin/bash './configure' --prefix=/usr/local  '--prefix=/usr/local' 'CC=cc' '--cache-file=/dev/null' '--srcdir=.' --cache-file=/dev/null --srcdir=.
configure:6727: configuring in libgif
configure:6844: running /bin/bash './configure' --prefix=/usr/local  '--prefix=/usr/local' 'CC=cc' '--cache-file=/dev/null' '--srcdir=.' --cache-file=/dev/null --srcdir=.
configure:6727: configuring in libtiff
configure:6844: running /bin/bash './configure' --prefix=/usr/local  '--prefix=/usr/local' 'CC=cc' '--cache-file=/dev/null' '--srcdir=.' --cache-file=/dev/null --srcdir=.
configure:6727: configuring in libpng-1.2.3
configure:6844: running /bin/bash './configure' --prefix=/usr/local  '--prefix=/usr/local' 'CC=cc' '--cache-file=/dev/null' '--srcdir=.' --cache-file=/dev/null --srcdir=.

## ---------------- ##
## Cache variables. ##
## ---------------- ##

ac_cv_build=x86_64-unknown-linux-gnu
ac_cv_build_alias=x86_64-unknown-linux-gnu
ac_cv_c_bigendian=no
ac_cv_c_compiler_gnu=yes
ac_cv_c_const=yes
ac_cv_env_CC_set=set
ac_cv_env_CC_value=cc
ac_cv_env_CFLAGS_set=
ac_cv_env_CFLAGS_value=
ac_cv_env_CPPFLAGS_set=
ac_cv_env_CPPFLAGS_value=
ac_cv_env_CPP_set=
ac_cv_env_CPP_value=
ac_cv_env_LDFLAGS_set=
ac_cv_env_LDFLAGS_value=
ac_cv_env_build_alias_set=
ac_cv_env_build_alias_value=
ac_cv_env_host_alias_set=
ac_cv_env_host_alias_value=
ac_cv_env_target_alias_set=
ac_cv_env_target_alias_value=
ac_cv_exeext=
ac_cv_func_alloca_works=yes
ac_cv_func_getpagesize=yes
ac_cv_func_memcmp_working=yes
ac_cv_func_mmap_fixed_mapped=yes
ac_cv_func_strcasecmp=yes
ac_cv_func_strdup=yes
ac_cv_func_strerror=yes
ac_cv_func_strncasecmp=yes
ac_cv_func_strspn=yes
ac_cv_func_strstr=yes
ac_cv_header_dirent_dirent_h=yes
ac_cv_header_inttypes_h=yes
ac_cv_header_math_h=yes
ac_cv_header_memory_h=yes
ac_cv_header_stdc=yes
ac_cv_header_stdint_h=yes
ac_cv_header_stdlib_h=yes
ac_cv_header_string_h=yes
ac_cv_header_strings_h=yes
ac_cv_header_sys_stat_h=yes
ac_cv_header_sys_types_h=yes
ac_cv_header_unistd_h=yes
ac_cv_host=x86_64-unknown-linux-gnu
ac_cv_host_alias=x86_64-unknown-linux-gnu
ac_cv_lib_z_compress=yes
ac_cv_objext=o
ac_cv_path_install='/usr/bin/install -c'
ac_cv_prog_AWK=gawk
ac_cv_prog_CPP='cc -E'
ac_cv_prog_ac_ct_CC=cc
ac_cv_prog_ac_ct_RANLIB=ranlib
ac_cv_prog_cc_g=yes
ac_cv_prog_cc_stdc=
ac_cv_prog_egrep='grep -E'
ac_cv_prog_make_make_set=yes
ac_cv_search_opendir='none required'
ac_cv_struct_tm=time.h
ac_cv_target=x86_64-unknown-linux-gnu
ac_cv_target_alias=x86_64-unknown-linux-gnu
ac_cv_type_off_t=yes
ac_cv_working_alloca_h=yes

## ----------------- ##
## Output variables. ##
## ----------------- ##

ALLOCA=''
AWK='gawk'
CC='cc'
CFLAGS='-g -O2 -Ilibpng-1.2.3'
CPP='cc -E'
CPPFLAGS=''
DEFS='-DHAVE_CONFIG_H'
ECHO_C=''
ECHO_N='-n'
ECHO_T=''
EGREP='grep -E'
EXEEXT=''
INSTALL_DATA='${INSTALL} -m 644'
INSTALL_PROGRAM='${INSTALL}'
INSTALL_SCRIPT='${INSTALL}'
LDFLAGS=' -Llibpng-1.2.3'
LIBOBJS=''
LIBS=' -lpng'
LTLIBOBJS=''
OBJEXT='o'
PACKAGE_BUGREPORT=''
PACKAGE_NAME=''
PACKAGE_STRING=''
PACKAGE_TARNAME=''
PACKAGE_VERSION=''
PATH_SEPARATOR=':'
RANLIB='ranlib'
SET_MAKE=''
SHELL='/bin/bash'
ac_ct_CC='cc'
ac_ct_RANLIB='ranlib'
bindir='${exec_prefix}/bin'
build='x86_64-unknown-linux-gnu'
build_alias=''
build_cpu='x86_64'
build_os='linux-gnu'
build_vendor='unknown'
datadir='${prefix}/share'
exec_prefix='/usr/local'
host='x86_64-unknown-linux-gnu'
host_alias=''
host_cpu='x86_64'
host_os='linux-gnu'
host_vendor='unknown'
includedir='${prefix}/include'
infodir='${prefix}/info'
libdir='${exec_prefix}/lib'
libexecdir='${exec_prefix}/libexec'
libpng='libpng.a'
libpngdir='libpng-1.2.3'
localstatedir='${prefix}/var'
mandir='${prefix}/man'
oldincludedir='/usr/include'
prefix='/usr/local'
program_transform_name='s,x,x,'
sbindir='${exec_prefix}/sbin'
sharedstatedir='${prefix}/com'
subdirs=' libjpeg libgif libtiff libpng-1.2.3'
sysconfdir='${prefix}/etc'
target='x86_64-unknown-linux-gnu'
target_alias=''
target_cpu='x86_64'
target_os='linux-gnu'
target_vendor='unknown'

## ----------- ##
## confdefs.h. ##
## ----------- ##

#define HAVE_ALLOCA 1
#define HAVE_ALLOCA_H 1
#define HAVE_DIRENT_H 1
#define HAVE_GETPAGESIZE 1
#define HAVE_INTTYPES_H 1
#define HAVE_LIBPNG 1
#define HAVE_LIBZ 1
#define HAVE_MATH_H 1
#define HAVE_MEMORY_H 1
#define HAVE_MMAP 1
#define HAVE_STDINT_H 1
#define HAVE_STDLIB_H 1
#define HAVE_STDLIB_H 1
#define HAVE_STRCASECMP 1
#define HAVE_STRDUP 1
#define HAVE_STRERROR 1
#define HAVE_STRINGS_H 1
#define HAVE_STRINGS_H 1
#define HAVE_STRING_H 1
#define HAVE_STRING_H 1
#define HAVE_STRNCASECMP 1
#define HAVE_STRSPN 1
#define HAVE_STRSTR 1
#define HAVE_SYS_STAT_H 1
#define HAVE_SYS_TYPES_H 1
#define HAVE_UNISTD_H 1
#define HAVE_UNISTD_H 1
#define HAVE_UNISTD_H 1
#define PACKAGE_BUGREPORT ""
#define PACKAGE_NAME ""
#define PACKAGE_STRING ""
#define PACKAGE_TARNAME ""
#define PACKAGE_VERSION ""
#define STDC_HEADERS 1
#define STDC_HEADERS 1

configure: exit 0
