checking build system type... x86_64-unknown-linux-gnu
checking host system type... x86_64-unknown-linux-gnu
checking target system type... x86_64-unknown-linux-gnu
checking host system type... (cached) x86_64-unknown-linux-gnu
checking for gcc... cc
checking for C compiler default output file name... a.out
checking whether the C compiler works... yes
checking whether we are cross compiling... no
checking for suffix of executables... 
checking for suffix of object files... o
checking whether we are using the GNU C compiler... yes
checking whether cc accepts -g... yes
checking for cc option to accept ISO C89... none needed
checking for gawk... gawk
checking for a BSD-compatible install... /usr/bin/install -c
checking whether ln -s works... yes
checking whether make sets $(MAKE)... yes
checking for ranlib... ranlib
checking how to run the C preprocessor... cc -E
checking for grep that handles long lines and -e... /bin/grep
checking for egrep... /bin/grep -E
checking for AIX... no
checking for ANSI C header files... yes
checking for sys/types.h... yes
checking for sys/stat.h... yes
checking for stdlib.h... yes
checking for string.h... yes
checking for memory.h... yes
checking for strings.h... yes
checking for inttypes.h... yes
checking for stdint.h... yes
checking for unistd.h... yes
checking whether byte ordering is bigendian... no
checking for X... libraries , headers 
checking for gethostbyname... yes
checking for connect... yes
checking for remove... yes
checking for shmat... yes
checking for IceConnectionNumber in -lICE... yes
checking for crc32 in -lz... yes
checking for sqrt in -lm... yes
checking for XOpenDisplay in -lX11... yes
checking for XtToolkitInitialize in -lXt... yes
checking for XShmPutImage in -lXext... yes
checking for XmCreateForm in -lXm... yes
checking for getnetname in -lnsl... yes
checking for socket in -lsocket... no
checking for XpmWriteFileFromImage in -lXpm... no
checking for Magick-config... no
configure: WARNING: ImageMagick version 5.4.2 required for compiling with ImageMagick
checking values.h usability... yes
checking values.h presence... yes
checking for values.h... yes
checking for dirent.h that defines DIR... yes
checking for library containing opendir... none required
checking for ANSI C header files... (cached) yes
checking fcntl.h usability... yes
checking fcntl.h presence... yes
checking for fcntl.h... yes
checking limits.h usability... yes
checking limits.h presence... yes
checking for limits.h... yes
checking malloc.h usability... yes
checking malloc.h presence... yes
checking for malloc.h... yes
checking sys/file.h usability... yes
checking sys/file.h presence... yes
checking for sys/file.h... yes
checking sys/time.h usability... yes
checking sys/time.h presence... yes
checking for sys/time.h... yes
checking for unistd.h... (cached) yes
checking magick/magick.h usability... no
checking magick/magick.h presence... no
checking for magick/magick.h... no
checking magick/api.h usability... no
checking magick/api.h presence... no
checking for magick/api.h... no
checking for an ANSI C-conforming const... yes
checking whether time.h and sys/time.h may both be included... yes
checking whether struct tm is in sys/time.h or time.h... time.h
checking for working memcmp... yes
checking return type of signal handlers... void
checking for vprintf... yes
checking for _doprnt... no
checking for mkdir... yes
checking for putenv... yes
checking for select... yes
checking for strdup... yes
checking for strndup... yes
checking for strspn... yes
checking for strstr... yes
checking for strtod... yes
checking for strtol... yes
checking for strtoul... yes
checking for index... yes
checking for rindex... yes
checking for getdtablesize... yes
checking for getwd... yes
checking for usleep... yes
checking for strtoul... (cached) yes
checking for basename... yes
checking for dirname... yes
checking for bcopy... yes
checking for bcmp... yes
checking for bzero... yes
configure: creating ./config.status
config.status: creating Makefile
config.status: creating pw/Makefile
config.status: creating sp/Makefile
config.status: creating lib/Makefile
config.status: creating config.h
config.status: config.h is unchanged
=== configuring in iomedley (/src/local/pw64/20100506-64bit/iomedley)
configure: running /bin/bash ./configure '--prefix=/usr/local'  'CC=cc' --cache-file=/dev/null --srcdir=.
checking build system type... x86_64-unknown-linux-gnu
checking host system type... x86_64-unknown-linux-gnu
checking target system type... x86_64-unknown-linux-gnu
checking for gcc... cc
checking for C compiler default output file name... a.out
checking whether the C compiler works... yes
checking whether we are cross compiling... no
checking for suffix of executables... 
checking for suffix of object files... o
checking whether we are using the GNU C compiler... yes
checking whether cc accepts -g... yes
checking for cc option to accept ANSI C... none needed
checking for gawk... gawk
checking for a BSD-compatible install... /usr/bin/install -c
checking how to run the C preprocessor... cc -E
checking whether make sets $(MAKE)... yes
checking for ranlib... ranlib
checking for egrep... grep -E
checking for AIX... no
checking for an ANSI C-conforming const... yes
checking for ANSI C header files... yes
checking for sys/types.h... yes
checking for sys/stat.h... yes
checking for stdlib.h... yes
checking for string.h... yes
checking for memory.h... yes
checking for strings.h... yes
checking for inttypes.h... yes
checking for stdint.h... yes
checking for unistd.h... yes
checking for off_t... yes
checking whether struct tm is in sys/time.h or time.h... time.h
checking whether byte ordering is bigendian... no
checking for dirent.h that defines DIR... yes
checking for library containing opendir... none required
checking for ANSI C header files... (cached) yes
checking for unistd.h... (cached) yes
checking math.h usability... yes
checking math.h presence... yes
checking for math.h... yes
checking for string.h... (cached) yes
checking for strings.h... (cached) yes
checking for compress in -lz... yes
checking for stdlib.h... (cached) yes
checking for unistd.h... (cached) yes
checking for getpagesize... yes
checking for working mmap... yes
checking for working memcmp... yes
checking for strdup... yes
checking for strerror... yes
checking for strspn... yes
checking for strstr... yes
checking for strcasecmp... yes
checking for strncasecmp... yes
checking for working alloca.h... yes
checking for alloca... yes
configure: creating ./config.status
config.status: creating Makefile
config.status: creating iom_config.h
config.status: iom_config.h is unchanged
configure: configuring in libjpeg
configure: running /bin/bash './configure' --prefix=/usr/local  '--prefix=/usr/local' 'CC=cc' '--cache-file=/dev/null' '--srcdir=.' --cache-file=/dev/null --srcdir=.
checking for gcc... cc
checking whether the C compiler (cc  ) works... yes
checking whether the C compiler (cc  ) is a cross-compiler... no
checking whether we are using GNU C... yes
checking how to run the C preprocessor... cc -E
checking for function prototypes... yes
checking for stddef.h... yes
checking for stdlib.h... yes
checking for string.h... yes
checking for size_t... yes
checking for type unsigned char... yes
checking for type unsigned short... yes
checking for type void... yes
checking for working const... yes
checking for inline... __inline__
checking for broken incomplete types... ok
checking for short external names... ok
checking to see if char is signed... yes
checking to see if right shift is signed... yes
checking to see if fopen accepts b spec... yes
checking for a BSD compatible install... /usr/bin/install -c
checking for ranlib... ranlib
checking libjpeg version number... 62
creating ./config.status
creating Makefile
creating jconfig.h
jconfig.h is unchanged
configure: configuring in libgif
configure: running /bin/bash './configure' --prefix=/usr/local  '--prefix=/usr/local' 'CC=cc' '--cache-file=/dev/null' '--srcdir=.' --cache-file=/dev/null --srcdir=.
checking for gcc... cc
checking for C compiler default output... a.out
checking whether the C compiler works... yes
checking whether we are cross compiling... no
checking for suffix of executables... 
checking for suffix of object files... o
checking whether we are using the GNU C compiler... yes
checking whether cc accepts -g... yes
checking for ranlib... ranlib
checking how to run the C preprocessor... cc -E
checking for AIX... no
checking for X... libraries , headers 
checking for ANSI C header files... yes
checking for sys/types.h... yes
checking for sys/stat.h... yes
checking for stdlib.h... yes
checking for string.h... yes
checking for memory.h... yes
checking for strings.h... yes
checking for inttypes.h... yes
checking for stdint.h... yes
checking for unistd.h... yes
checking fcntl.h usability... yes
checking fcntl.h presence... yes
checking for fcntl.h... yes
checking for cc option to accept ANSI C... none needed
checking for an ANSI C-conforming const... yes
checking for working memcmp... yes
checking whether setvbuf arguments are reversed... no
checking for vprintf... yes
checking for _doprnt... no
configure: creating ./config.status
config.status: creating Makefile
configure: configuring in libtiff
configure: running /bin/bash './configure' --prefix=/usr/local  '--prefix=/usr/local' 'CC=cc' '--cache-file=/dev/null' '--srcdir=.' --cache-file=/dev/null --srcdir=.
checking build system type... x86_64-unknown-linux-gnu
checking host system type... x86_64-unknown-linux-gnu
checking target system type... x86_64-unknown-linux-gnu
checking for a BSD-compatible install... /usr/bin/install -c
checking whether build environment is sane... yes
checking for gawk... gawk
checking whether make sets $(MAKE)... yes
checking whether to enable maintainer-specific portions of Makefiles... no
checking for gcc... cc
checking for C compiler default output file name... a.out
checking whether the C compiler works... yes
checking whether we are cross compiling... no
checking for suffix of executables... 
checking for suffix of object files... o
checking whether we are using the GNU C compiler... yes
checking whether cc accepts -g... yes
checking for cc option to accept ANSI C... none needed
checking for style of include used by make... GNU
checking dependency style of cc... gcc3
checking whether cc understands -c and -o together... yes
checking for C compiler warning flags... -Wall -W
checking for a BSD-compatible install... /usr/bin/install -c
checking whether ln -s works... yes
checking for a sed that does not truncate output... /bin/sed
checking for egrep... grep -E
checking for fgrep... grep -F
checking for ld used by cc... /usr/bin/ld
checking if the linker (/usr/bin/ld) is GNU ld... yes
checking for BSD- or MS-compatible name lister (nm)... /usr/bin/nm -B
checking the name lister (/usr/bin/nm -B) interface... BSD nm
checking the maximum length of command line arguments... 32768
checking whether the shell understands some XSI constructs... yes
checking for /usr/bin/ld option to reload object files... -r
checking how to recognise dependent libraries... pass_all
checking for ar... ar
checking for strip... strip
checking for ranlib... ranlib
checking command to parse /usr/bin/nm -B output from cc object... ok
checking how to run the C preprocessor... cc -E
checking for ANSI C header files... yes
checking for sys/types.h... yes
checking for sys/stat.h... yes
checking for stdlib.h... yes
checking for string.h... yes
checking for memory.h... yes
checking for strings.h... yes
checking for inttypes.h... yes
checking for stdint.h... yes
checking for unistd.h... yes
checking for dlfcn.h... yes
checking for objdir... .libs
checking if cc supports -fno-rtti -fno-exceptions... no
checking for cc option to produce PIC... -fPIC -DPIC
checking if cc PIC flag -fPIC -DPIC works... yes
checking if cc static flag -static works... yes
checking if cc supports -c -o file.o... yes
checking if cc supports -c -o file.o... (cached) yes
checking whether the cc linker (/usr/bin/ld -m elf_x86_64) supports shared libraries... yes
checking whether -lc should be explicitly linked in... no
checking dynamic linker characteristics... GNU/Linux ld.so
checking how to hardcode library paths into programs... immediate
checking whether stripping libraries is possible... yes
checking if libtool supports shared libraries... yes
checking whether to build shared libraries... yes
checking whether to build static libraries... yes
checking for main in -lc... yes
checking for main in -lm... yes
checking assert.h usability... yes
checking assert.h presence... yes
checking for assert.h... yes
checking fcntl.h usability... yes
checking fcntl.h presence... yes
checking for fcntl.h... yes
checking limits.h usability... yes
checking limits.h presence... yes
checking for limits.h... yes
checking malloc.h usability... yes
checking malloc.h presence... yes
checking for malloc.h... yes
checking search.h usability... yes
checking search.h presence... yes
checking for search.h... yes
checking sys/time.h usability... yes
checking sys/time.h presence... yes
checking for sys/time.h... yes
checking for unistd.h... (cached) yes
checking for an ANSI C-conforming const... yes
checking for inline... inline
checking whether byte ordering is bigendian... no
checking for off_t... yes
checking for size_t... yes
checking for int... yes
checking size of int... 4
checking for long... yes
checking size of long... 8
checking whether time.h and sys/time.h may both be included... yes
checking whether struct tm is in sys/time.h or time.h... time.h
checking for int8... no
checking for int16... no
checking for int32... no
checking for floor... yes
checking for isascii... yes
checking for memmove... yes
checking for memset... yes
checking for mmap... yes
checking for pow... yes
checking for sqrt... yes
checking for strchr... yes
checking for strrchr... yes
checking for strstr... yes
checking for strtol... yes
checking for getopt... yes
checking for strcasecmp... yes
checking for strtoul... yes
checking for lfind... yes
checking native cpu bit order... msb2lsb
checking for special C compiler options needed for large files... no
checking for _FILE_OFFSET_BITS value needed for large files... no
checking for _LARGE_FILES value needed for large files... no
checking for inflateEnd in -lz... yes
checking zlib.h usability... yes
checking zlib.h presence... yes
checking for zlib.h... yes
checking for jpeg_read_scanlines in -ljpeg... yes
checking jpeglib.h usability... yes
checking jpeglib.h presence... yes
checking for jpeglib.h... yes
checking for X... libraries , headers in standard search path
checking for gethostbyname... yes
checking for connect... yes
checking for remove... yes
checking for shmat... yes
checking for IceConnectionNumber in -lICE... yes
checking for the pthreads library -lpthreads... no
checking whether pthreads work without any flags... no
checking whether pthreads work with -Kthread... no
checking whether pthreads work with -kthread... no
checking for the pthreads library -llthread... no
checking whether pthreads work with -pthread... yes
checking for joinable pthread attribute... PTHREAD_CREATE_JOINABLE
checking if more special flags are required for pthreads... no
checking for cc_r... cc
checking whether we are using the Microsoft C compiler... no
checking windows.h usability... no
checking windows.h presence... no
checking for windows.h... no
checking for OpenGL library... -lGL
checking for g++... g++
checking whether we are using the GNU C++ compiler... yes
checking whether g++ accepts -g... yes
checking dependency style of g++... gcc3
checking how to run the C++ preprocessor... g++ -E
checking whether we are using the GNU C++ compiler... (cached) yes
checking whether g++ accepts -g... (cached) yes
checking dependency style of g++... (cached) gcc3
checking for ld used by g++... /usr/bin/ld -m elf_x86_64
checking if the linker (/usr/bin/ld -m elf_x86_64) is GNU ld... yes
checking whether the g++ linker (/usr/bin/ld -m elf_x86_64) supports shared libraries... yes
checking for g++ option to produce PIC... -fPIC -DPIC
checking if g++ PIC flag -fPIC -DPIC works... yes
checking if g++ static flag -static works... yes
checking if g++ supports -c -o file.o... yes
checking if g++ supports -c -o file.o... (cached) yes
checking whether the g++ linker (/usr/bin/ld -m elf_x86_64) supports shared libraries... yes
checking dynamic linker characteristics... GNU/Linux ld.so
checking how to hardcode library paths into programs... immediate
checking for OpenGL Utility library... -lGLU
checking for GLUT library... no
configure: creating ./config.status
config.status: creating Makefile
config.status: creating contrib/Makefile
config.status: creating contrib/acorn/Makefile
config.status: creating contrib/addtiffo/Makefile
config.status: creating contrib/dbs/Makefile
config.status: creating contrib/dbs/xtiff/Makefile
config.status: creating contrib/iptcutil/Makefile
config.status: creating contrib/mac-cw/Makefile
config.status: creating contrib/mac-mpw/Makefile
config.status: creating contrib/mfs/Makefile
config.status: creating contrib/ojpeg/Makefile
config.status: creating contrib/pds/Makefile
config.status: creating contrib/ras/Makefile
config.status: creating contrib/stream/Makefile
config.status: creating contrib/tags/Makefile
config.status: creating contrib/win_dib/Makefile
config.status: creating html/Makefile
config.status: creating html/images/Makefile
config.status: creating html/man/Makefile
config.status: creating libtiff/Makefile
config.status: creating man/Makefile
config.status: creating port/Makefile
config.status: creating test/Makefile
config.status: creating tools/Makefile
config.status: creating libtiff/tif_config.h
config.status: libtiff/tif_config.h is unchanged
config.status: creating libtiff/tiffconf.h
config.status: libtiff/tiffconf.h is unchanged
config.status: executing depfiles commands
config.status: executing libtool commands

Libtiff is now configured for x86_64-unknown-linux-gnu

  Installation directory:             /usr/local
  Documentation directory:            ${prefix}/share/doc/tiff-3.8.2
  C compiler:                         cc -g -O2 -Wall -W
  C++ compiler:                       g++ -g -O2
  Enable runtime linker paths:        no
  Support Microsoft Document Imaging: yes

 Support for internal codecs:
  CCITT Group 3 & 4 algorithms:       yes
  Macintosh PackBits algorithm:       yes
  LZW algorithm:                      yes
  ThunderScan 4-bit RLE algorithm:    yes
  NeXT 2-bit RLE algorithm:           yes
  LogLuv high dynamic range encoding: yes

 Support for external codecs:
  ZLIB support:                       yes
  Pixar log-format algorithm:         yes
  JPEG support:                       yes
  Old JPEG support:                   no

  C++ support:                        yes

  OpenGL support:                     no

configure: configuring in libpng-1.2.3
configure: running /bin/bash './configure' --prefix=/usr/local  '--prefix=/usr/local' 'CC=cc' '--cache-file=/dev/null' '--srcdir=.' --cache-file=/dev/null --srcdir=.
checking for gcc... cc
checking for C compiler default output... a.out
checking whether the C compiler works... yes
checking whether we are cross compiling... no
checking for suffix of executables... 
checking for suffix of object files... o
checking whether we are using the GNU C compiler... yes
checking whether cc accepts -g... yes
checking whether ln -s works... yes
checking for ranlib... ranlib
checking for log in -lm... yes
checking for compress in -lz... yes
checking how to run the C preprocessor... cc -E
checking for ANSI C header files... yes
checking for sys/types.h... yes
checking for sys/stat.h... yes
checking for stdlib.h... yes
checking for string.h... yes
checking for memory.h... yes
checking for strings.h... yes
checking for inttypes.h... yes
checking for stdint.h... yes
checking for unistd.h... yes
checking malloc.h usability... yes
checking malloc.h presence... yes
checking for malloc.h... yes
checking for strings.h... (cached) yes
checking for cc option to accept ANSI C... none needed
checking for an ANSI C-conforming const... yes
checking for size_t... yes
checking whether struct tm is in sys/time.h or time.h... time.h
checking for strtod... yes
configure: creating ./config.status
config.status: creating Makefile
