This file contains any messages produced by compilers while
running configure, to aid debugging if configure makes a mistake.

It was created by configure, which was
generated by GNU Autoconf 2.61.  Invocation command line was

  $ ./configure 

## --------- ##
## Platform. ##
## --------- ##

hostname = titan.clarkvision.com
uname -m = x86_64
uname -r = 2.6.32-24-generic
uname -s = Linux
uname -v = #38-Ubuntu SMP Mon Jul 5 09:20:59 UTC 2010

/usr/bin/uname -p = unknown
/bin/uname -X     = unknown

/bin/arch              = unknown
/usr/bin/arch -k       = unknown
/usr/convex/getsysinfo = unknown
/usr/bin/hostinfo      = unknown
/bin/machine           = unknown
/usr/bin/oslevel       = unknown
/bin/universe          = unknown

PATH: /home/rclark/bin
PATH: /usr/local/sbin
PATH: /usr/local/bin
PATH: /usr/sbin
PATH: /usr/bin
PATH: /sbin
PATH: /bin
PATH: /usr/games


## ----------- ##
## Core tests. ##
## ----------- ##

configure:1771: checking build system type
configure:1789: result: x86_64-unknown-linux-gnu
configure:1811: checking host system type
configure:1826: result: x86_64-unknown-linux-gnu
configure:1848: checking target system type
configure:1863: result: x86_64-unknown-linux-gnu
configure:1892: checking host system type
configure:1907: result: x86_64-unknown-linux-gnu
configure:1985: checking for gcc
configure:2012: result: cc
configure:2250: checking for C compiler version
configure:2257: cc --version >&5
cc (Ubuntu 4.4.3-4ubuntu5) 4.4.3
Copyright (C) 2009 Free Software Foundation, Inc.
This is free software; see the source for copying conditions.  There is NO
warranty; not even for MERCHANTABILITY or FITNESS FOR A PARTICULAR PURPOSE.

configure:2260: $? = 0
configure:2267: cc -v >&5
Using built-in specs.
Target: x86_64-linux-gnu
Configured with: ../src/configure -v --with-pkgversion='Ubuntu 4.4.3-4ubuntu5' --with-bugurl=file:///usr/share/doc/gcc-4.4/README.Bugs --enable-languages=c,c++,fortran,objc,obj-c++ --prefix=/usr --enable-shared --enable-multiarch --enable-linker-build-id --with-system-zlib --libexecdir=/usr/lib --without-included-gettext --enable-threads=posix --with-gxx-include-dir=/usr/include/c++/4.4 --program-suffix=-4.4 --enable-nls --enable-clocale=gnu --enable-libstdcxx-debug --enable-plugin --enable-objc-gc --disable-werror --with-arch-32=i486 --with-tune=generic --enable-checking=release --build=x86_64-linux-gnu --host=x86_64-linux-gnu --target=x86_64-linux-gnu
Thread model: posix
gcc version 4.4.3 (Ubuntu 4.4.3-4ubuntu5) 
configure:2270: $? = 0
configure:2277: cc -V >&5
cc: '-V' option must have argument
configure:2280: $? = 1
configure:2303: checking for C compiler default output file name
configure:2330: cc    conftest.c  >&5
configure:2333: $? = 0
configure:2371: result: a.out
configure:2388: checking whether the C compiler works
configure:2398: ./a.out
configure:2401: $? = 0
configure:2418: result: yes
configure:2425: checking whether we are cross compiling
configure:2427: result: no
configure:2430: checking for suffix of executables
configure:2437: cc -o conftest    conftest.c  >&5
configure:2440: $? = 0
configure:2464: result: 
configure:2470: checking for suffix of object files
configure:2496: cc -c   conftest.c >&5
configure:2499: $? = 0
configure:2522: result: o
configure:2526: checking whether we are using the GNU C compiler
configure:2555: cc -c   conftest.c >&5
configure:2561: $? = 0
configure:2578: result: yes
configure:2583: checking whether cc accepts -g
configure:2613: cc -c -g  conftest.c >&5
configure:2619: $? = 0
configure:2718: result: yes
configure:2735: checking for cc option to accept ISO C89
configure:2809: cc  -c -g -O2  conftest.c >&5
configure:2815: $? = 0
configure:2838: result: none needed
configure:2860: checking for gawk
configure:2876: found /usr/bin/gawk
configure:2887: result: gawk
configure:2911: checking for a BSD-compatible install
configure:2967: result: /usr/bin/install -c
configure:2978: checking whether ln -s works
configure:2982: result: yes
configure:2989: checking whether make sets $(MAKE)
configure:3010: result: yes
configure:3062: checking for ranlib
configure:3089: result: ranlib
configure:3122: checking how to run the C preprocessor
configure:3162: cc -E  conftest.c
configure:3168: $? = 0
configure:3199: cc -E  conftest.c
conftest.c:8:28: error: ac_nonexistent.h: No such file or directory
configure:3205: $? = 1
configure: failed program was:
| /* confdefs.h.  */
| #define PACKAGE_NAME ""
| #define PACKAGE_TARNAME ""
| #define PACKAGE_VERSION ""
| #define PACKAGE_STRING ""
| #define PACKAGE_BUGREPORT ""
| /* end confdefs.h.  */
| #include <ac_nonexistent.h>
configure:3238: result: cc -E
configure:3267: cc -E  conftest.c
configure:3273: $? = 0
configure:3304: cc -E  conftest.c
conftest.c:8:28: error: ac_nonexistent.h: No such file or directory
configure:3310: $? = 1
configure: failed program was:
| /* confdefs.h.  */
| #define PACKAGE_NAME ""
| #define PACKAGE_TARNAME ""
| #define PACKAGE_VERSION ""
| #define PACKAGE_STRING ""
| #define PACKAGE_BUGREPORT ""
| /* end confdefs.h.  */
| #include <ac_nonexistent.h>
configure:3348: checking for grep that handles long lines and -e
configure:3422: result: /bin/grep
configure:3427: checking for egrep
configure:3505: result: /bin/grep -E
configure:3511: checking for AIX
configure:3533: result: no
configure:3540: checking for ANSI C header files
configure:3570: cc -c -g -O2  conftest.c >&5
configure:3576: $? = 0
configure:3675: cc -o conftest -g -O2   conftest.c  >&5
configure:3678: $? = 0
configure:3684: ./conftest
configure:3687: $? = 0
configure:3704: result: yes
configure:3728: checking for sys/types.h
configure:3749: cc -c -g -O2  conftest.c >&5
configure:3755: $? = 0
configure:3771: result: yes
configure:3728: checking for sys/stat.h
configure:3749: cc -c -g -O2  conftest.c >&5
configure:3755: $? = 0
configure:3771: result: yes
configure:3728: checking for stdlib.h
configure:3749: cc -c -g -O2  conftest.c >&5
configure:3755: $? = 0
configure:3771: result: yes
configure:3728: checking for string.h
configure:3749: cc -c -g -O2  conftest.c >&5
configure:3755: $? = 0
configure:3771: result: yes
configure:3728: checking for memory.h
configure:3749: cc -c -g -O2  conftest.c >&5
configure:3755: $? = 0
configure:3771: result: yes
configure:3728: checking for strings.h
configure:3749: cc -c -g -O2  conftest.c >&5
configure:3755: $? = 0
configure:3771: result: yes
configure:3728: checking for inttypes.h
configure:3749: cc -c -g -O2  conftest.c >&5
configure:3755: $? = 0
configure:3771: result: yes
configure:3728: checking for stdint.h
configure:3749: cc -c -g -O2  conftest.c >&5
configure:3755: $? = 0
configure:3771: result: yes
configure:3728: checking for unistd.h
configure:3749: cc -c -g -O2  conftest.c >&5
configure:3755: $? = 0
configure:3771: result: yes
configure:3783: checking whether byte ordering is bigendian
configure:3816: cc -c -g -O2  conftest.c >&5
configure:3822: $? = 0
configure:3854: cc -c -g -O2  conftest.c >&5
conftest.c: In function 'main':
conftest.c:25: error: 'not' undeclared (first use in this function)
conftest.c:25: error: (Each undeclared identifier is reported only once
conftest.c:25: error: for each function it appears in.)
conftest.c:25: error: expected ';' before 'big'
configure:3860: $? = 1
configure: failed program was:
| /* confdefs.h.  */
| #define PACKAGE_NAME ""
| #define PACKAGE_TARNAME ""
| #define PACKAGE_VERSION ""
| #define PACKAGE_STRING ""
| #define PACKAGE_BUGREPORT ""
| #define STDC_HEADERS 1
| #define HAVE_SYS_TYPES_H 1
| #define HAVE_SYS_STAT_H 1
| #define HAVE_STDLIB_H 1
| #define HAVE_STRING_H 1
| #define HAVE_MEMORY_H 1
| #define HAVE_STRINGS_H 1
| #define HAVE_INTTYPES_H 1
| #define HAVE_STDINT_H 1
| #define HAVE_UNISTD_H 1
| /* end confdefs.h.  */
| #include <sys/types.h>
| #include <sys/param.h>
| 
| int
| main ()
| {
| #if BYTE_ORDER != BIG_ENDIAN
|  not big endian
| #endif
| 
|   ;
|   return 0;
| }
configure:4000: result: no
configure:4076: checking for X
configure:4191: cc -E  conftest.c
configure:4197: $? = 0
configure:4246: cc -o conftest -g -O2   conftest.c -lX11  >&5
configure:4252: $? = 0
configure:4311: result: libraries , headers 
configure:4472: cc -o conftest -g -O2   conftest.c   -lX11 >&5
configure:4478: $? = 0
configure:4635: checking for gethostbyname
configure:4691: cc -o conftest -g -O2   conftest.c  >&5
configure:4697: $? = 0
configure:4714: result: yes
configure:4859: checking for connect
configure:4915: cc -o conftest -g -O2   conftest.c  >&5
configure:4921: $? = 0
configure:4938: result: yes
configure:5010: checking for remove
configure:5066: cc -o conftest -g -O2   conftest.c  >&5
configure:5072: $? = 0
configure:5089: result: yes
configure:5161: checking for shmat
configure:5217: cc -o conftest -g -O2   conftest.c  >&5
configure:5223: $? = 0
configure:5240: result: yes
configure:5321: checking for IceConnectionNumber in -lICE
configure:5356: cc -o conftest -g -O2   conftest.c -lICE   >&5
configure:5362: $? = 0
configure:5380: result: yes
configure:5420: checking for crc32 in -lz
configure:5455: cc -o conftest -g -O2 -I/usr/include/X11   conftest.c -lz   >&5
configure:5461: $? = 0
configure:5479: result: yes
configure:5491: checking for sqrt in -lm
configure:5526: cc -o conftest -g -O2 -I/usr/include/X11   conftest.c -lm  -lz  >&5
conftest.c:28: warning: conflicting types for built-in function 'sqrt'
configure:5532: $? = 0
configure:5550: result: yes
configure:5562: checking for XOpenDisplay in -lX11
configure:5597: cc -o conftest -g -O2 -I/usr/include/X11   conftest.c -lX11  -lm -lz  >&5
configure:5603: $? = 0
configure:5621: result: yes
configure:5633: checking for XtToolkitInitialize in -lXt
configure:5668: cc -o conftest -g -O2 -I/usr/include/X11   conftest.c -lXt  -lX11 -lm -lz  >&5
configure:5674: $? = 0
configure:5692: result: yes
configure:5704: checking for XShmPutImage in -lXext
configure:5739: cc -o conftest -g -O2 -I/usr/include/X11   conftest.c -lXext  -lXt -lX11 -lm -lz  >&5
configure:5745: $? = 0
configure:5763: result: yes
configure:5775: checking for XmCreateForm in -lXm
configure:5810: cc -o conftest -g -O2 -I/usr/include/X11   conftest.c -lXm  -lXext -lXt -lX11 -lm -lz  >&5
configure:5816: $? = 0
configure:5834: result: yes
configure:5846: checking for getnetname in -lnsl
configure:5881: cc -o conftest -g -O2 -I/usr/include/X11   conftest.c -lnsl  -lXm -lXext -lXt -lX11 -lm -lz  >&5
configure:5887: $? = 0
configure:5905: result: yes
configure:5917: checking for socket in -lsocket
configure:5952: cc -o conftest -g -O2 -I/usr/include/X11   conftest.c -lsocket  -lnsl -lXm -lXext -lXt -lX11 -lm -lz  >&5
/usr/bin/ld: cannot find -lsocket
collect2: ld returned 1 exit status
configure:5958: $? = 1
configure: failed program was:
| /* confdefs.h.  */
| #define PACKAGE_NAME ""
| #define PACKAGE_TARNAME ""
| #define PACKAGE_VERSION ""
| #define PACKAGE_STRING ""
| #define PACKAGE_BUGREPORT ""
| #define STDC_HEADERS 1
| #define HAVE_SYS_TYPES_H 1
| #define HAVE_SYS_STAT_H 1
| #define HAVE_STDLIB_H 1
| #define HAVE_STRING_H 1
| #define HAVE_MEMORY_H 1
| #define HAVE_STRINGS_H 1
| #define HAVE_INTTYPES_H 1
| #define HAVE_STDINT_H 1
| #define HAVE_UNISTD_H 1
| #define INTERNAL_SP 1
| #define CORE 1
| #define HAVE_LIBZ 1
| #define HAVE_LIBM 1
| #define HAVE_LIBX11 1
| #define HAVE_LIBXT 1
| #define HAVE_LIBXEXT 1
| #define HAVE_LIBXM 1
| #define HAVE_LIBNSL 1
| /* end confdefs.h.  */
| 
| /* Override any GCC internal prototype to avoid an error.
|    Use char because int might match the return type of a GCC
|    builtin and then its argument prototype would still apply.  */
| #ifdef __cplusplus
| extern "C"
| #endif
| char socket ();
| int
| main ()
| {
| return socket ();
|   ;
|   return 0;
| }
configure:5976: result: no
configure:5991: checking for XpmWriteFileFromImage in -lXpm
configure:6026: cc -o conftest -g -O2 -I/usr/include/X11   conftest.c -lXpm  -lnsl -lXm -lXext -lXt -lX11 -lm -lz  >&5
/usr/bin/ld: cannot find -lXpm
collect2: ld returned 1 exit status
configure:6032: $? = 1
configure: failed program was:
| /* confdefs.h.  */
| #define PACKAGE_NAME ""
| #define PACKAGE_TARNAME ""
| #define PACKAGE_VERSION ""
| #define PACKAGE_STRING ""
| #define PACKAGE_BUGREPORT ""
| #define STDC_HEADERS 1
| #define HAVE_SYS_TYPES_H 1
| #define HAVE_SYS_STAT_H 1
| #define HAVE_STDLIB_H 1
| #define HAVE_STRING_H 1
| #define HAVE_MEMORY_H 1
| #define HAVE_STRINGS_H 1
| #define HAVE_INTTYPES_H 1
| #define HAVE_STDINT_H 1
| #define HAVE_UNISTD_H 1
| #define INTERNAL_SP 1
| #define CORE 1
| #define HAVE_LIBZ 1
| #define HAVE_LIBM 1
| #define HAVE_LIBX11 1
| #define HAVE_LIBXT 1
| #define HAVE_LIBXEXT 1
| #define HAVE_LIBXM 1
| #define HAVE_LIBNSL 1
| /* end confdefs.h.  */
| 
| /* Override any GCC internal prototype to avoid an error.
|    Use char because int might match the return type of a GCC
|    builtin and then its argument prototype would still apply.  */
| #ifdef __cplusplus
| extern "C"
| #endif
| char XpmWriteFileFromImage ();
| int
| main ()
| {
| return XpmWriteFileFromImage ();
|   ;
|   return 0;
| }
configure:6050: result: no
configure:6121: checking for Magick-config
configure:6154: result: no
configure:6264: WARNING: ImageMagick version 5.4.2 required for compiling with ImageMagick
configure:6287: checking values.h usability
configure:6304: cc -c -g -O2 -I/usr/include/X11  conftest.c >&5
configure:6310: $? = 0
configure:6324: result: yes
configure:6328: checking values.h presence
configure:6343: cc -E  conftest.c
configure:6349: $? = 0
configure:6363: result: yes
configure:6391: checking for values.h
configure:6399: result: yes
configure:6421: checking for dirent.h that defines DIR
configure:6450: cc -c -g -O2 -I/usr/include/X11  conftest.c >&5
configure:6456: $? = 0
configure:6472: result: yes
configure:6485: checking for library containing opendir
configure:6526: cc -o conftest -g -O2 -I/usr/include/X11   conftest.c -lnsl -lXm -lXext -lXt -lX11 -lm -lz  >&5
configure:6532: $? = 0
configure:6560: result: none required
configure:6654: checking for ANSI C header files
configure:6818: result: yes
configure:6848: checking fcntl.h usability
configure:6865: cc -c -g -O2 -I/usr/include/X11  conftest.c >&5
configure:6871: $? = 0
configure:6885: result: yes
configure:6889: checking fcntl.h presence
configure:6904: cc -E  conftest.c
configure:6910: $? = 0
configure:6924: result: yes
configure:6952: checking for fcntl.h
configure:6960: result: yes
configure:6848: checking limits.h usability
configure:6865: cc -c -g -O2 -I/usr/include/X11  conftest.c >&5
configure:6871: $? = 0
configure:6885: result: yes
configure:6889: checking limits.h presence
configure:6904: cc -E  conftest.c
configure:6910: $? = 0
configure:6924: result: yes
configure:6952: checking for limits.h
configure:6960: result: yes
configure:6848: checking malloc.h usability
configure:6865: cc -c -g -O2 -I/usr/include/X11  conftest.c >&5
configure:6871: $? = 0
configure:6885: result: yes
configure:6889: checking malloc.h presence
configure:6904: cc -E  conftest.c
configure:6910: $? = 0
configure:6924: result: yes
configure:6952: checking for malloc.h
configure:6960: result: yes
configure:6848: checking sys/file.h usability
configure:6865: cc -c -g -O2 -I/usr/include/X11  conftest.c >&5
configure:6871: $? = 0
configure:6885: result: yes
configure:6889: checking sys/file.h presence
configure:6904: cc -E  conftest.c
configure:6910: $? = 0
configure:6924: result: yes
configure:6952: checking for sys/file.h
configure:6960: result: yes
configure:6848: checking sys/time.h usability
configure:6865: cc -c -g -O2 -I/usr/include/X11  conftest.c >&5
configure:6871: $? = 0
configure:6885: result: yes
configure:6889: checking sys/time.h presence
configure:6904: cc -E  conftest.c
configure:6910: $? = 0
configure:6924: result: yes
configure:6952: checking for sys/time.h
configure:6960: result: yes
configure:6838: checking for unistd.h
configure:6844: result: yes
configure:6990: checking magick/magick.h usability
configure:7007: cc -c -g -O2 -I/usr/include/X11  conftest.c >&5
conftest.c:69:27: error: magick/magick.h: No such file or directory
configure:7013: $? = 1
configure: failed program was:
| /* confdefs.h.  */
| #define PACKAGE_NAME ""
| #define PACKAGE_TARNAME ""
| #define PACKAGE_VERSION ""
| #define PACKAGE_STRING ""
| #define PACKAGE_BUGREPORT ""
| #define STDC_HEADERS 1
| #define HAVE_SYS_TYPES_H 1
| #define HAVE_SYS_STAT_H 1
| #define HAVE_STDLIB_H 1
| #define HAVE_STRING_H 1
| #define HAVE_MEMORY_H 1
| #define HAVE_STRINGS_H 1
| #define HAVE_INTTYPES_H 1
| #define HAVE_STDINT_H 1
| #define HAVE_UNISTD_H 1
| #define INTERNAL_SP 1
| #define CORE 1
| #define HAVE_LIBZ 1
| #define HAVE_LIBM 1
| #define HAVE_LIBX11 1
| #define HAVE_LIBXT 1
| #define HAVE_LIBXEXT 1
| #define HAVE_LIBXM 1
| #define HAVE_LIBNSL 1
| #define HAVE_VALUES_H 1
| #define HAVE_DIRENT_H 1
| #define STDC_HEADERS 1
| #define HAVE_FCNTL_H 1
| #define HAVE_LIMITS_H 1
| #define HAVE_MALLOC_H 1
| #define HAVE_SYS_FILE_H 1
| #define HAVE_SYS_TIME_H 1
| #define HAVE_UNISTD_H 1
| /* end confdefs.h.  */
| #include <stdio.h>
| #ifdef HAVE_SYS_TYPES_H
| # include <sys/types.h>
| #endif
| #ifdef HAVE_SYS_STAT_H
| # include <sys/stat.h>
| #endif
| #ifdef STDC_HEADERS
| # include <stdlib.h>
| # include <stddef.h>
| #else
| # ifdef HAVE_STDLIB_H
| #  include <stdlib.h>
| # endif
| #endif
| #ifdef HAVE_STRING_H
| # if !defined STDC_HEADERS && defined HAVE_MEMORY_H
| #  include <memory.h>
| # endif
| # include <string.h>
| #endif
| #ifdef HAVE_STRINGS_H
| # include <strings.h>
| #endif
| #ifdef HAVE_INTTYPES_H
| # include <inttypes.h>
| #endif
| #ifdef HAVE_STDINT_H
| # include <stdint.h>
| #endif
| #ifdef HAVE_UNISTD_H
| # include <unistd.h>
| #endif
| #include <magick/magick.h>
configure:7027: result: no
configure:7031: checking magick/magick.h presence
configure:7046: cc -E  conftest.c
conftest.c:36:27: error: magick/magick.h: No such file or directory
configure:7052: $? = 1
configure: failed program was:
| /* confdefs.h.  */
| #define PACKAGE_NAME ""
| #define PACKAGE_TARNAME ""
| #define PACKAGE_VERSION ""
| #define PACKAGE_STRING ""
| #define PACKAGE_BUGREPORT ""
| #define STDC_HEADERS 1
| #define HAVE_SYS_TYPES_H 1
| #define HAVE_SYS_STAT_H 1
| #define HAVE_STDLIB_H 1
| #define HAVE_STRING_H 1
| #define HAVE_MEMORY_H 1
| #define HAVE_STRINGS_H 1
| #define HAVE_INTTYPES_H 1
| #define HAVE_STDINT_H 1
| #define HAVE_UNISTD_H 1
| #define INTERNAL_SP 1
| #define CORE 1
| #define HAVE_LIBZ 1
| #define HAVE_LIBM 1
| #define HAVE_LIBX11 1
| #define HAVE_LIBXT 1
| #define HAVE_LIBXEXT 1
| #define HAVE_LIBXM 1
| #define HAVE_LIBNSL 1
| #define HAVE_VALUES_H 1
| #define HAVE_DIRENT_H 1
| #define STDC_HEADERS 1
| #define HAVE_FCNTL_H 1
| #define HAVE_LIMITS_H 1
| #define HAVE_MALLOC_H 1
| #define HAVE_SYS_FILE_H 1
| #define HAVE_SYS_TIME_H 1
| #define HAVE_UNISTD_H 1
| /* end confdefs.h.  */
| #include <magick/magick.h>
configure:7066: result: no
configure:7094: checking for magick/magick.h
configure:7102: result: no
configure:6990: checking magick/api.h usability
configure:7007: cc -c -g -O2 -I/usr/include/X11  conftest.c >&5
conftest.c:69:24: error: magick/api.h: No such file or directory
configure:7013: $? = 1
configure: failed program was:
| /* confdefs.h.  */
| #define PACKAGE_NAME ""
| #define PACKAGE_TARNAME ""
| #define PACKAGE_VERSION ""
| #define PACKAGE_STRING ""
| #define PACKAGE_BUGREPORT ""
| #define STDC_HEADERS 1
| #define HAVE_SYS_TYPES_H 1
| #define HAVE_SYS_STAT_H 1
| #define HAVE_STDLIB_H 1
| #define HAVE_STRING_H 1
| #define HAVE_MEMORY_H 1
| #define HAVE_STRINGS_H 1
| #define HAVE_INTTYPES_H 1
| #define HAVE_STDINT_H 1
| #define HAVE_UNISTD_H 1
| #define INTERNAL_SP 1
| #define CORE 1
| #define HAVE_LIBZ 1
| #define HAVE_LIBM 1
| #define HAVE_LIBX11 1
| #define HAVE_LIBXT 1
| #define HAVE_LIBXEXT 1
| #define HAVE_LIBXM 1
| #define HAVE_LIBNSL 1
| #define HAVE_VALUES_H 1
| #define HAVE_DIRENT_H 1
| #define STDC_HEADERS 1
| #define HAVE_FCNTL_H 1
| #define HAVE_LIMITS_H 1
| #define HAVE_MALLOC_H 1
| #define HAVE_SYS_FILE_H 1
| #define HAVE_SYS_TIME_H 1
| #define HAVE_UNISTD_H 1
| /* end confdefs.h.  */
| #include <stdio.h>
| #ifdef HAVE_SYS_TYPES_H
| # include <sys/types.h>
| #endif
| #ifdef HAVE_SYS_STAT_H
| # include <sys/stat.h>
| #endif
| #ifdef STDC_HEADERS
| # include <stdlib.h>
| # include <stddef.h>
| #else
| # ifdef HAVE_STDLIB_H
| #  include <stdlib.h>
| # endif
| #endif
| #ifdef HAVE_STRING_H
| # if !defined STDC_HEADERS && defined HAVE_MEMORY_H
| #  include <memory.h>
| # endif
| # include <string.h>
| #endif
| #ifdef HAVE_STRINGS_H
| # include <strings.h>
| #endif
| #ifdef HAVE_INTTYPES_H
| # include <inttypes.h>
| #endif
| #ifdef HAVE_STDINT_H
| # include <stdint.h>
| #endif
| #ifdef HAVE_UNISTD_H
| # include <unistd.h>
| #endif
| #include <magick/api.h>
configure:7027: result: no
configure:7031: checking magick/api.h presence
configure:7046: cc -E  conftest.c
conftest.c:36:24: error: magick/api.h: No such file or directory
configure:7052: $? = 1
configure: failed program was:
| /* confdefs.h.  */
| #define PACKAGE_NAME ""
| #define PACKAGE_TARNAME ""
| #define PACKAGE_VERSION ""
| #define PACKAGE_STRING ""
| #define PACKAGE_BUGREPORT ""
| #define STDC_HEADERS 1
| #define HAVE_SYS_TYPES_H 1
| #define HAVE_SYS_STAT_H 1
| #define HAVE_STDLIB_H 1
| #define HAVE_STRING_H 1
| #define HAVE_MEMORY_H 1
| #define HAVE_STRINGS_H 1
| #define HAVE_INTTYPES_H 1
| #define HAVE_STDINT_H 1
| #define HAVE_UNISTD_H 1
| #define INTERNAL_SP 1
| #define CORE 1
| #define HAVE_LIBZ 1
| #define HAVE_LIBM 1
| #define HAVE_LIBX11 1
| #define HAVE_LIBXT 1
| #define HAVE_LIBXEXT 1
| #define HAVE_LIBXM 1
| #define HAVE_LIBNSL 1
| #define HAVE_VALUES_H 1
| #define HAVE_DIRENT_H 1
| #define STDC_HEADERS 1
| #define HAVE_FCNTL_H 1
| #define HAVE_LIMITS_H 1
| #define HAVE_MALLOC_H 1
| #define HAVE_SYS_FILE_H 1
| #define HAVE_SYS_TIME_H 1
| #define HAVE_UNISTD_H 1
| /* end confdefs.h.  */
| #include <magick/api.h>
configure:7066: result: no
configure:7094: checking for magick/api.h
configure:7102: result: no
configure:7116: checking for an ANSI C-conforming const
configure:7191: cc -c -g -O2 -I/usr/include/X11  conftest.c >&5
configure:7197: $? = 0
configure:7212: result: yes
configure:7222: checking whether time.h and sys/time.h may both be included
configure:7252: cc -c -g -O2 -I/usr/include/X11  conftest.c >&5
configure:7258: $? = 0
configure:7273: result: yes
configure:7283: checking whether struct tm is in sys/time.h or time.h
configure:7313: cc -c -g -O2 -I/usr/include/X11  conftest.c >&5
configure:7319: $? = 0
configure:7334: result: time.h
configure:7345: checking for working memcmp
configure:7398: cc -o conftest -g -O2 -I/usr/include/X11   conftest.c -lnsl -lXm -lXext -lXt -lX11 -lm -lz  >&5
configure:7401: $? = 0
configure:7407: ./conftest
configure:7410: $? = 0
configure:7426: result: yes
configure:7435: checking return type of signal handlers
configure:7463: cc -c -g -O2 -I/usr/include/X11  conftest.c >&5
conftest.c: In function 'main':
conftest.c:43: error: void value not ignored as it ought to be
configure:7469: $? = 1
configure: failed program was:
| /* confdefs.h.  */
| #define PACKAGE_NAME ""
| #define PACKAGE_TARNAME ""
| #define PACKAGE_VERSION ""
| #define PACKAGE_STRING ""
| #define PACKAGE_BUGREPORT ""
| #define STDC_HEADERS 1
| #define HAVE_SYS_TYPES_H 1
| #define HAVE_SYS_STAT_H 1
| #define HAVE_STDLIB_H 1
| #define HAVE_STRING_H 1
| #define HAVE_MEMORY_H 1
| #define HAVE_STRINGS_H 1
| #define HAVE_INTTYPES_H 1
| #define HAVE_STDINT_H 1
| #define HAVE_UNISTD_H 1
| #define INTERNAL_SP 1
| #define CORE 1
| #define HAVE_LIBZ 1
| #define HAVE_LIBM 1
| #define HAVE_LIBX11 1
| #define HAVE_LIBXT 1
| #define HAVE_LIBXEXT 1
| #define HAVE_LIBXM 1
| #define HAVE_LIBNSL 1
| #define HAVE_VALUES_H 1
| #define HAVE_DIRENT_H 1
| #define STDC_HEADERS 1
| #define HAVE_FCNTL_H 1
| #define HAVE_LIMITS_H 1
| #define HAVE_MALLOC_H 1
| #define HAVE_SYS_FILE_H 1
| #define HAVE_SYS_TIME_H 1
| #define HAVE_UNISTD_H 1
| #define TIME_WITH_SYS_TIME 1
| /* end confdefs.h.  */
| #include <sys/types.h>
| #include <signal.h>
| 
| int
| main ()
| {
| return *(signal (0, 0)) (0) == 1;
|   ;
|   return 0;
| }
configure:7484: result: void
configure:7496: checking for vprintf
configure:7552: cc -o conftest -g -O2 -I/usr/include/X11   conftest.c -lnsl -lXm -lXext -lXt -lX11 -lm -lz  >&5
conftest.c:61: warning: conflicting types for built-in function 'vprintf'
configure:7558: $? = 0
configure:7576: result: yes
configure:7583: checking for _doprnt
configure:7639: cc -o conftest -g -O2 -I/usr/include/X11   conftest.c -lnsl -lXm -lXext -lXt -lX11 -lm -lz  >&5
/tmp/ccdaQyl4.o: In function `main':
/src/local/pw64/20100506-64bit/conftest.c:73: undefined reference to `_doprnt'
collect2: ld returned 1 exit status
configure:7645: $? = 1
configure: failed program was:
| /* confdefs.h.  */
| #define PACKAGE_NAME ""
| #define PACKAGE_TARNAME ""
| #define PACKAGE_VERSION ""
| #define PACKAGE_STRING ""
| #define PACKAGE_BUGREPORT ""
| #define STDC_HEADERS 1
| #define HAVE_SYS_TYPES_H 1
| #define HAVE_SYS_STAT_H 1
| #define HAVE_STDLIB_H 1
| #define HAVE_STRING_H 1
| #define HAVE_MEMORY_H 1
| #define HAVE_STRINGS_H 1
| #define HAVE_INTTYPES_H 1
| #define HAVE_STDINT_H 1
| #define HAVE_UNISTD_H 1
| #define INTERNAL_SP 1
| #define CORE 1
| #define HAVE_LIBZ 1
| #define HAVE_LIBM 1
| #define HAVE_LIBX11 1
| #define HAVE_LIBXT 1
| #define HAVE_LIBXEXT 1
| #define HAVE_LIBXM 1
| #define HAVE_LIBNSL 1
| #define HAVE_VALUES_H 1
| #define HAVE_DIRENT_H 1
| #define STDC_HEADERS 1
| #define HAVE_FCNTL_H 1
| #define HAVE_LIMITS_H 1
| #define HAVE_MALLOC_H 1
| #define HAVE_SYS_FILE_H 1
| #define HAVE_SYS_TIME_H 1
| #define HAVE_UNISTD_H 1
| #define TIME_WITH_SYS_TIME 1
| #define RETSIGTYPE void
| #define HAVE_VPRINTF 1
| /* end confdefs.h.  */
| /* Define _doprnt to an innocuous variant, in case <limits.h> declares _doprnt.
|    For example, HP-UX 11i <limits.h> declares gettimeofday.  */
| #define _doprnt innocuous__doprnt
| 
| /* System header to define __stub macros and hopefully few prototypes,
|     which can conflict with char _doprnt (); below.
|     Prefer <limits.h> to <assert.h> if __STDC__ is defined, since
|     <limits.h> exists even on freestanding compilers.  */
| 
| #ifdef __STDC__
| # include <limits.h>
| #else
| # include <assert.h>
| #endif
| 
| #undef _doprnt
| 
| /* Override any GCC internal prototype to avoid an error.
|    Use char because int might match the return type of a GCC
|    builtin and then its argument prototype would still apply.  */
| #ifdef __cplusplus
| extern "C"
| #endif
| char _doprnt ();
| /* The GNU C library defines this for functions which it implements
|     to always fail with ENOSYS.  Some functions are actually named
|     something starting with __ and the normal name is an alias.  */
| #if defined __stub__doprnt || defined __stub____doprnt
| choke me
| #endif
| 
| int
| main ()
| {
| return _doprnt ();
|   ;
|   return 0;
| }
configure:7662: result: no
configure:7689: checking for mkdir
configure:7745: cc -o conftest -g -O2 -I/usr/include/X11   conftest.c -lnsl -lXm -lXext -lXt -lX11 -lm -lz  >&5
configure:7751: $? = 0
configure:7769: result: yes
configure:7689: checking for putenv
configure:7745: cc -o conftest -g -O2 -I/usr/include/X11   conftest.c -lnsl -lXm -lXext -lXt -lX11 -lm -lz  >&5
configure:7751: $? = 0
configure:7769: result: yes
configure:7689: checking for select
configure:7745: cc -o conftest -g -O2 -I/usr/include/X11   conftest.c -lnsl -lXm -lXext -lXt -lX11 -lm -lz  >&5
configure:7751: $? = 0
configure:7769: result: yes
configure:7689: checking for strdup
configure:7745: cc -o conftest -g -O2 -I/usr/include/X11   conftest.c -lnsl -lXm -lXext -lXt -lX11 -lm -lz  >&5
conftest.c:65: warning: conflicting types for built-in function 'strdup'
configure:7751: $? = 0
configure:7769: result: yes
configure:7689: checking for strndup
configure:7745: cc -o conftest -g -O2 -I/usr/include/X11   conftest.c -lnsl -lXm -lXext -lXt -lX11 -lm -lz  >&5
conftest.c:66: warning: conflicting types for built-in function 'strndup'
configure:7751: $? = 0
configure:7769: result: yes
configure:7689: checking for strspn
configure:7745: cc -o conftest -g -O2 -I/usr/include/X11   conftest.c -lnsl -lXm -lXext -lXt -lX11 -lm -lz  >&5
conftest.c:67: warning: conflicting types for built-in function 'strspn'
configure:7751: $? = 0
configure:7769: result: yes
configure:7689: checking for strstr
configure:7745: cc -o conftest -g -O2 -I/usr/include/X11   conftest.c -lnsl -lXm -lXext -lXt -lX11 -lm -lz  >&5
conftest.c:68: warning: conflicting types for built-in function 'strstr'
configure:7751: $? = 0
configure:7769: result: yes
configure:7689: checking for strtod
configure:7745: cc -o conftest -g -O2 -I/usr/include/X11   conftest.c -lnsl -lXm -lXext -lXt -lX11 -lm -lz  >&5
configure:7751: $? = 0
configure:7769: result: yes
configure:7689: checking for strtol
configure:7745: cc -o conftest -g -O2 -I/usr/include/X11   conftest.c -lnsl -lXm -lXext -lXt -lX11 -lm -lz  >&5
configure:7751: $? = 0
configure:7769: result: yes
configure:7689: checking for strtoul
configure:7745: cc -o conftest -g -O2 -I/usr/include/X11   conftest.c -lnsl -lXm -lXext -lXt -lX11 -lm -lz  >&5
configure:7751: $? = 0
configure:7769: result: yes
configure:7789: checking for index
configure:7845: cc -o conftest -g -O2 -I/usr/include/X11   conftest.c -lnsl -lXm -lXext -lXt -lX11 -lm -lz  >&5
conftest.c:72: warning: conflicting types for built-in function 'index'
configure:7851: $? = 0
configure:7869: result: yes
configure:7789: checking for rindex
configure:7845: cc -o conftest -g -O2 -I/usr/include/X11   conftest.c -lnsl -lXm -lXext -lXt -lX11 -lm -lz  >&5
conftest.c:73: warning: conflicting types for built-in function 'rindex'
configure:7851: $? = 0
configure:7869: result: yes
configure:7789: checking for getdtablesize
configure:7845: cc -o conftest -g -O2 -I/usr/include/X11   conftest.c -lnsl -lXm -lXext -lXt -lX11 -lm -lz  >&5
configure:7851: $? = 0
configure:7869: result: yes
configure:7789: checking for getwd
configure:7845: cc -o conftest -g -O2 -I/usr/include/X11   conftest.c -lnsl -lXm -lXext -lXt -lX11 -lm -lz  >&5
/tmp/ccTubklV.o: In function `main':
/src/local/pw64/20100506-64bit/conftest.c:86: warning: the `getwd' function is dangerous and should not be used.
configure:7851: $? = 0
configure:7869: result: yes
configure:7789: checking for usleep
configure:7845: cc -o conftest -g -O2 -I/usr/include/X11   conftest.c -lnsl -lXm -lXext -lXt -lX11 -lm -lz  >&5
configure:7851: $? = 0
configure:7869: result: yes
configure:7789: checking for strtoul
configure:7869: result: yes
configure:7789: checking for basename
configure:7845: cc -o conftest -g -O2 -I/usr/include/X11   conftest.c -lnsl -lXm -lXext -lXt -lX11 -lm -lz  >&5
configure:7851: $? = 0
configure:7869: result: yes
configure:7886: checking for dirname
configure:7942: cc -o conftest -g -O2 -I/usr/include/X11   conftest.c -lnsl -lXm -lXext -lXt -lX11 -lm -lz  >&5
configure:7948: $? = 0
configure:7966: result: yes
configure:7886: checking for bcopy
configure:7942: cc -o conftest -g -O2 -I/usr/include/X11   conftest.c -lnsl -lXm -lXext -lXt -lX11 -lm -lz  >&5
conftest.c:80: warning: conflicting types for built-in function 'bcopy'
configure:7948: $? = 0
configure:7966: result: yes
configure:7886: checking for bcmp
configure:7942: cc -o conftest -g -O2 -I/usr/include/X11   conftest.c -lnsl -lXm -lXext -lXt -lX11 -lm -lz  >&5
conftest.c:81: warning: conflicting types for built-in function 'bcmp'
configure:7948: $? = 0
configure:7966: result: yes
configure:7886: checking for bzero
configure:7942: cc -o conftest -g -O2 -I/usr/include/X11   conftest.c -lnsl -lXm -lXext -lXt -lX11 -lm -lz  >&5
conftest.c:82: warning: conflicting types for built-in function 'bzero'
configure:7948: $? = 0
configure:7966: result: yes
configure:8093: creating ./config.status

## ---------------------- ##
## Running config.status. ##
## ---------------------- ##

This file was extended by config.status, which was
generated by GNU Autoconf 2.61.  Invocation command line was

  CONFIG_FILES    = 
  CONFIG_HEADERS  = 
  CONFIG_LINKS    = 
  CONFIG_COMMANDS = 
  $ ./config.status 

on titan.clarkvision.com

config.status:626: creating Makefile
config.status:626: creating pw/Makefile
config.status:626: creating sp/Makefile
config.status:626: creating lib/Makefile
config.status:626: creating config.h
config.status:894: config.h is unchanged
configure:9186: === configuring in iomedley (/src/local/pw64/20100506-64bit/iomedley)
configure:9289: running /bin/bash ./configure '--prefix=/usr/local'  'CC=cc' --cache-file=/dev/null --srcdir=.

## ---------------- ##
## Cache variables. ##
## ---------------- ##

ac_cv_build=x86_64-unknown-linux-gnu
ac_cv_c_bigendian=no
ac_cv_c_compiler_gnu=yes
ac_cv_c_const=yes
ac_cv_env_CC_set=set
ac_cv_env_CC_value=cc
ac_cv_env_CFLAGS_set=
ac_cv_env_CFLAGS_value=
ac_cv_env_CPPFLAGS_set=
ac_cv_env_CPPFLAGS_value=
ac_cv_env_CPP_set=
ac_cv_env_CPP_value=
ac_cv_env_LDFLAGS_set=
ac_cv_env_LDFLAGS_value=
ac_cv_env_LIBS_set=
ac_cv_env_LIBS_value=
ac_cv_env_XMKMF_set=
ac_cv_env_XMKMF_value=
ac_cv_env_build_alias_set=
ac_cv_env_build_alias_value=
ac_cv_env_host_alias_set=
ac_cv_env_host_alias_value=
ac_cv_env_target_alias_set=
ac_cv_env_target_alias_value=
ac_cv_func__doprnt=no
ac_cv_func_basename=yes
ac_cv_func_bcmp=yes
ac_cv_func_bcopy=yes
ac_cv_func_bzero=yes
ac_cv_func_connect=yes
ac_cv_func_dirname=yes
ac_cv_func_getdtablesize=yes
ac_cv_func_gethostbyname=yes
ac_cv_func_getwd=yes
ac_cv_func_index=yes
ac_cv_func_memcmp_working=yes
ac_cv_func_mkdir=yes
ac_cv_func_putenv=yes
ac_cv_func_remove=yes
ac_cv_func_rindex=yes
ac_cv_func_select=yes
ac_cv_func_shmat=yes
ac_cv_func_strdup=yes
ac_cv_func_strndup=yes
ac_cv_func_strspn=yes
ac_cv_func_strstr=yes
ac_cv_func_strtod=yes
ac_cv_func_strtol=yes
ac_cv_func_strtoul=yes
ac_cv_func_usleep=yes
ac_cv_func_vprintf=yes
ac_cv_have_x='have_x=yes	ac_x_includes='\'''\''	ac_x_libraries='\'''\'''
ac_cv_header_dirent_dirent_h=yes
ac_cv_header_fcntl_h=yes
ac_cv_header_inttypes_h=yes
ac_cv_header_limits_h=yes
ac_cv_header_magick_api_h=no
ac_cv_header_magick_magick_h=no
ac_cv_header_malloc_h=yes
ac_cv_header_memory_h=yes
ac_cv_header_stdc=yes
ac_cv_header_stdint_h=yes
ac_cv_header_stdlib_h=yes
ac_cv_header_string_h=yes
ac_cv_header_strings_h=yes
ac_cv_header_sys_file_h=yes
ac_cv_header_sys_stat_h=yes
ac_cv_header_sys_time_h=yes
ac_cv_header_sys_types_h=yes
ac_cv_header_time=yes
ac_cv_header_unistd_h=yes
ac_cv_header_values_h=yes
ac_cv_host=x86_64-unknown-linux-gnu
ac_cv_lib_ICE_IceConnectionNumber=yes
ac_cv_lib_X11_XOpenDisplay=yes
ac_cv_lib_Xext_XShmPutImage=yes
ac_cv_lib_Xm_XmCreateForm=yes
ac_cv_lib_Xpm_XpmWriteFileFromImage=no
ac_cv_lib_Xt_XtToolkitInitialize=yes
ac_cv_lib_m_sqrt=yes
ac_cv_lib_nsl_getnetname=yes
ac_cv_lib_socket_socket=no
ac_cv_lib_z_crc32=yes
ac_cv_objext=o
ac_cv_path_EGREP='/bin/grep -E'
ac_cv_path_GREP=/bin/grep
ac_cv_path_install='/usr/bin/install -c'
ac_cv_prog_AWK=gawk
ac_cv_prog_CPP='cc -E'
ac_cv_prog_ac_ct_CC=cc
ac_cv_prog_ac_ct_RANLIB=ranlib
ac_cv_prog_cc_c89=
ac_cv_prog_cc_g=yes
ac_cv_prog_make_make_set=yes
ac_cv_search_opendir='none required'
ac_cv_struct_tm=time.h
ac_cv_target=x86_64-unknown-linux-gnu
ac_cv_type_signal=void

## ----------------- ##
## Output variables. ##
## ----------------- ##

AWK='gawk'
CC='cc'
CFLAGS='-g -O2 -I/usr/include/X11'
CPP='cc -E'
CPPFLAGS=''
DEFS='-DHAVE_CONFIG_H'
ECHO_C=''
ECHO_N='-n'
ECHO_T=''
EGREP='/bin/grep -E'
EXEEXT=''
GREP='/bin/grep'
INSTALL_DATA='${INSTALL} -m 644'
INSTALL_PROGRAM='${INSTALL}'
INSTALL_SCRIPT='${INSTALL}'
INSTALL_WHAT='install_pw_only'
LDFLAGS=''
LIBOBJS=''
LIBS='-lnsl -lXm -lXext -lXt -lX11 -lm -lz '
LN_S='ln -s'
LTLIBOBJS=''
MAGICK_CONFIG=''
OBJEXT='o'
PACKAGE_BUGREPORT=''
PACKAGE_NAME=''
PACKAGE_STRING=''
PACKAGE_TARNAME=''
PACKAGE_VERSION=''
PATH_SEPARATOR=':'
RANLIB='ranlib'
SET_MAKE=''
SHELL='/bin/bash'
XINCLUDES=''
XLIBS=''
XMKMF=''
XRTINCLUDE=''
XRTLIBS=''
X_CFLAGS=''
X_EXTRA_LIBS=''
X_LIBS=''
X_PRE_LIBS=' -lSM -lICE'
ac_ct_CC='cc'
bindir='${exec_prefix}/bin'
build='x86_64-unknown-linux-gnu'
build_alias=''
build_cpu='x86_64'
build_os='linux-gnu'
build_vendor='unknown'
datadir='${datarootdir}'
datarootdir='${prefix}/share'
docdir='${datarootdir}/doc/${PACKAGE}'
dvidir='${docdir}'
exec_prefix='/usr/local'
host='x86_64-unknown-linux-gnu'
host_alias=''
host_cpu='x86_64'
host_os='linux-gnu'
host_vendor='unknown'
htmldir='${docdir}'
includedir='${prefix}/include'
infodir='${datarootdir}/info'
libdir='${exec_prefix}/lib'
libexecdir='${exec_prefix}/libexec'
localedir='${datarootdir}/locale'
localstatedir='${prefix}/var'
mandir='${datarootdir}/man'
oldincludedir='/usr/include'
pdfdir='${docdir}'
prefix='/usr/local'
program_transform_name='s,x,x,'
psdir='${docdir}'
sbindir='${exec_prefix}/sbin'
sharedstatedir='${prefix}/com'
subdirs=' iomedley'
sysconfdir='${prefix}/etc'
target='x86_64-unknown-linux-gnu'
target_alias=''
target_cpu='x86_64'
target_os='linux-gnu'
target_vendor='unknown'

## ----------- ##
## confdefs.h. ##
## ----------- ##

#define PACKAGE_NAME ""
#define PACKAGE_TARNAME ""
#define PACKAGE_VERSION ""
#define PACKAGE_STRING ""
#define PACKAGE_BUGREPORT ""
#define STDC_HEADERS 1
#define HAVE_SYS_TYPES_H 1
#define HAVE_SYS_STAT_H 1
#define HAVE_STDLIB_H 1
#define HAVE_STRING_H 1
#define HAVE_MEMORY_H 1
#define HAVE_STRINGS_H 1
#define HAVE_INTTYPES_H 1
#define HAVE_STDINT_H 1
#define HAVE_UNISTD_H 1
#define INTERNAL_SP 1
#define CORE 1
#define HAVE_LIBZ 1
#define HAVE_LIBM 1
#define HAVE_LIBX11 1
#define HAVE_LIBXT 1
#define HAVE_LIBXEXT 1
#define HAVE_LIBXM 1
#define HAVE_LIBNSL 1
#define HAVE_VALUES_H 1
#define HAVE_DIRENT_H 1
#define STDC_HEADERS 1
#define HAVE_FCNTL_H 1
#define HAVE_LIMITS_H 1
#define HAVE_MALLOC_H 1
#define HAVE_SYS_FILE_H 1
#define HAVE_SYS_TIME_H 1
#define HAVE_UNISTD_H 1
#define TIME_WITH_SYS_TIME 1
#define RETSIGTYPE void
#define HAVE_VPRINTF 1
#define HAVE_MKDIR 1
#define HAVE_PUTENV 1
#define HAVE_SELECT 1
#define HAVE_STRDUP 1
#define HAVE_STRNDUP 1
#define HAVE_STRSPN 1
#define HAVE_STRSTR 1
#define HAVE_STRTOD 1
#define HAVE_STRTOL 1
#define HAVE_STRTOUL 1
#define HAVE_INDEX 1
#define HAVE_RINDEX 1
#define HAVE_GETDTABLESIZE 1
#define HAVE_GETWD 1
#define HAVE_USLEEP 1
#define HAVE_STRTOUL 1
#define HAVE_BASENAME 1
#define HAVE_DIRNAME 1
#define HAVE_BCOPY 1
#define HAVE_BCMP 1
#define HAVE_BZERO 1

configure: exit 0
